Component: ARM Compiler 6.12 Tool: armlink [5d624300]

==============================================================================

Section Cross References

    main.o(.text.led_spark) refers to gd32e230c_eval.o(.text.gd_eval_led_on) for gd_eval_led_on
    main.o(.text.led_spark) refers to gd32e230c_eval.o(.text.gd_eval_led_off) for gd_eval_led_off
    main.o(.text.led_spark) refers to main.o(.bss.led_spark.timingdelaylocal) for [Anonymous Symbol]
    main.o(.ARM.exidx.text.led_spark) refers to main.o(.text.led_spark) for [Anonymous Symbol]
    main.o(.text.main) refers to systick.o(.text.systick_config) for systick_config
    main.o(.text.main) refers to gd32e230c_eval.o(.text.gd_eval_led_init) for gd_eval_led_init
    main.o(.text.main) refers to gd32e230c_eval.o(.text.gd_eval_com_init) for gd_eval_com_init
    main.o(.text.main) refers to gd32e230c_eval.o(.text.gd_eval_key_init) for gd_eval_key_init
    main.o(.text.main) refers to gd32e23x_rcu.o(.text.rcu_clock_freq_get) for rcu_clock_freq_get
    main.o(.text.main) refers to printfa.o(i.__0printf) for printf
    main.o(.text.main) refers to gd32e230c_eval.o(.text.gd_eval_key_state_get) for gd_eval_key_state_get
    main.o(.text.main) refers to gd32e230c_eval.o(.text.gd_eval_led_on) for gd_eval_led_on
    main.o(.text.main) refers to systick.o(.text.delay_1ms) for delay_1ms
    main.o(.text.main) refers to gd32e230c_eval.o(.text.gd_eval_led_off) for gd_eval_led_off
    main.o(.text.main) refers to gd32e230c_eval.o(.text.gd_eval_led_toggle) for gd_eval_led_toggle
    main.o(.text.main) refers to main.o(.rodata.str1.1) for .L.str
    main.o(.ARM.exidx.text.main) refers to main.o(.text.main) for [Anonymous Symbol]
    main.o(.text.fputc) refers to gd32e23x_usart.o(.text.usart_data_transmit) for usart_data_transmit
    main.o(.text.fputc) refers to gd32e23x_usart.o(.text.usart_flag_get) for usart_flag_get
    main.o(.ARM.exidx.text.fputc) refers to main.o(.text.fputc) for [Anonymous Symbol]
    systick.o(.text.systick_config) refers to systick.o(.text.SysTick_Config) for SysTick_Config
    systick.o(.text.systick_config) refers to systick.o(.text.__NVIC_SetPriority) for __NVIC_SetPriority
    systick.o(.text.systick_config) refers to system_gd32e23x.o(.data.SystemCoreClock) for SystemCoreClock
    systick.o(.ARM.exidx.text.systick_config) refers to systick.o(.text.systick_config) for [Anonymous Symbol]
    systick.o(.text.SysTick_Config) refers to systick.o(.text.__NVIC_SetPriority) for __NVIC_SetPriority
    systick.o(.ARM.exidx.text.SysTick_Config) refers to systick.o(.text.SysTick_Config) for [Anonymous Symbol]
    systick.o(.ARM.exidx.text.__NVIC_SetPriority) refers to systick.o(.text.__NVIC_SetPriority) for [Anonymous Symbol]
    systick.o(.text.delay_1ms) refers to systick.o(.bss.delay) for [Anonymous Symbol]
    systick.o(.ARM.exidx.text.delay_1ms) refers to systick.o(.text.delay_1ms) for [Anonymous Symbol]
    systick.o(.text.delay_decrement) refers to systick.o(.bss.delay) for [Anonymous Symbol]
    systick.o(.ARM.exidx.text.delay_decrement) refers to systick.o(.text.delay_decrement) for [Anonymous Symbol]
    gd32e23x_it.o(.ARM.exidx.text.NMI_Handler) refers to gd32e23x_it.o(.text.NMI_Handler) for [Anonymous Symbol]
    gd32e23x_it.o(.ARM.exidx.text.HardFault_Handler) refers to gd32e23x_it.o(.text.HardFault_Handler) for [Anonymous Symbol]
    gd32e23x_it.o(.ARM.exidx.text.SVC_Handler) refers to gd32e23x_it.o(.text.SVC_Handler) for [Anonymous Symbol]
    gd32e23x_it.o(.ARM.exidx.text.PendSV_Handler) refers to gd32e23x_it.o(.text.PendSV_Handler) for [Anonymous Symbol]
    gd32e23x_it.o(.text.SysTick_Handler) refers to main.o(.text.led_spark) for led_spark
    gd32e23x_it.o(.text.SysTick_Handler) refers to systick.o(.text.delay_decrement) for delay_decrement
    gd32e23x_it.o(.ARM.exidx.text.SysTick_Handler) refers to gd32e23x_it.o(.text.SysTick_Handler) for [Anonymous Symbol]
    gd32e230c_eval.o(.text.gd_eval_led_init) refers to gd32e23x_rcu.o(.text.rcu_periph_clock_enable) for rcu_periph_clock_enable
    gd32e230c_eval.o(.text.gd_eval_led_init) refers to gd32e23x_gpio.o(.text.gpio_mode_set) for gpio_mode_set
    gd32e230c_eval.o(.text.gd_eval_led_init) refers to gd32e23x_gpio.o(.text.gpio_output_options_set) for gpio_output_options_set
    gd32e230c_eval.o(.text.gd_eval_led_init) refers to gd32e230c_eval.o(.rodata.GPIO_CLK) for [Anonymous Symbol]
    gd32e230c_eval.o(.text.gd_eval_led_init) refers to gd32e230c_eval.o(.rodata.GPIO_PORT) for [Anonymous Symbol]
    gd32e230c_eval.o(.text.gd_eval_led_init) refers to gd32e230c_eval.o(.rodata.GPIO_PIN) for [Anonymous Symbol]
    gd32e230c_eval.o(.ARM.exidx.text.gd_eval_led_init) refers to gd32e230c_eval.o(.text.gd_eval_led_init) for [Anonymous Symbol]
    gd32e230c_eval.o(.text.gd_eval_led_on) refers to gd32e230c_eval.o(.rodata.GPIO_PIN) for [Anonymous Symbol]
    gd32e230c_eval.o(.text.gd_eval_led_on) refers to gd32e230c_eval.o(.rodata.GPIO_PORT) for [Anonymous Symbol]
[...]
    Removing gd32e23x_rcu.o(.ARM.exidx.text.rcu_voltage_key_unlock), (8 bytes).
    Removing gd32e23x_rcu.o(.text.rcu_deepsleep_voltage_set), (36 bytes).
    Removing gd32e23x_rcu.o(.ARM.exidx.text.rcu_deepsleep_voltage_set), (8 bytes).
    Removing gd32e23x_rcu.o(.ARM.exidx.text.rcu_clock_freq_get), (8 bytes).
    Removing gd32e23x_rcu.o(.text.rcu_all_reset_flag_clear), (20 bytes).
    Removing gd32e23x_rcu.o(.ARM.exidx.text.rcu_all_reset_flag_clear), (8 bytes).
    Removing gd32e23x_rcu.o(.text.rcu_interrupt_flag_get), (64 bytes).
    Removing gd32e23x_rcu.o(.ARM.exidx.text.rcu_interrupt_flag_get), (8 bytes).
    Removing gd32e23x_rcu.o(.text.rcu_interrupt_flag_clear), (44 bytes).
    Removing gd32e23x_rcu.o(.ARM.exidx.text.rcu_interrupt_flag_clear), (8 bytes).
    Removing gd32e23x_rcu.o(.text.rcu_interrupt_enable), (44 bytes).
    Removing gd32e23x_rcu.o(.ARM.exidx.text.rcu_interrupt_enable), (8 bytes).
    Removing gd32e23x_rcu.o(.text.rcu_interrupt_disable), (44 bytes).
    Removing gd32e23x_rcu.o(.ARM.exidx.text.rcu_interrupt_disable), (8 bytes).
    Removing gd32e23x_rcu.o(.rodata.cst16), (16 bytes).
    Removing gd32e23x_rcu.o(.rodata.cst8), (16 bytes).
    Removing gd32e23x_rtc.o(.text), (0 bytes).
    Removing gd32e23x_rtc.o(.text.rtc_deinit), (168 bytes).
    Removing gd32e23x_rtc.o(.ARM.exidx.text.rtc_deinit), (8 bytes).
    Removing gd32e23x_rtc.o(.text.rtc_init_mode_enter), (128 bytes).
    Removing gd32e23x_rtc.o(.ARM.exidx.text.rtc_init_mode_enter), (8 bytes).
    Removing gd32e23x_rtc.o(.text.rtc_register_sync_wait), (152 bytes).
    Removing gd32e23x_rtc.o(.ARM.exidx.text.rtc_register_sync_wait), (8 bytes).
    Removing gd32e23x_rtc.o(.text.rtc_init), (212 bytes).
    Removing gd32e23x_rtc.o(.ARM.exidx.text.rtc_init), (8 bytes).
    Removing gd32e23x_rtc.o(.text.rtc_init_mode_exit), (16 bytes).
    Removing gd32e23x_rtc.o(.ARM.exidx.text.rtc_init_mode_exit), (8 bytes).
    Removing gd32e23x_rtc.o(.text.rtc_current_time_get), (188 bytes).
    Removing gd32e23x_rtc.o(.ARM.exidx.text.rtc_current_time_get), (8 bytes).
    Removing gd32e23x_rtc.o(.text.rtc_subsecond_get), (36 bytes).
    Removing gd32e23x_rtc.o(.ARM.exidx.text.rtc_subsecond_get), (8 bytes).
    Removing gd32e23x_rtc.o(.text.rtc_alarm_config), (92 bytes).
    Removing gd32e23x_rtc.o(.ARM.exidx.text.rtc_alarm_config), (8 bytes).
    Removing gd32e23x_rtc.o(.text.rtc_alarm_subsecond_config), (52 bytes).
    Removing gd32e23x_rtc.o(.ARM.exidx.text.rtc_alarm_subsecond_config), (8 bytes).
    Removing gd32e23x_rtc.o(.text.rtc_alarm_enable), (36 bytes).
    Removing gd32e23x_rtc.o(.ARM.exidx.text.rtc_alarm_enable), (8 bytes).
    Removing gd32e23x_rtc.o(.text.rtc_alarm_disable), (132 bytes).
    Removing gd32e23x_rtc.o(.ARM.exidx.text.rtc_alarm_disable), (8 bytes).
    Removing gd32e23x_rtc.o(.text.rtc_alarm_get), (112 bytes).
    Removing gd32e23x_rtc.o(.ARM.exidx.text.rtc_alarm_get), (8 bytes).
    Removing gd32e23x_rtc.o(.text.rtc_alarm_subsecond_get), (20 bytes).
    Removing gd32e23x_rtc.o(.ARM.exidx.text.rtc_alarm_subsecond_get), (8 bytes).
    Removing gd32e23x_rtc.o(.text.rtc_timestamp_enable), (72 bytes).
    Removing gd32e23x_rtc.o(.ARM.exidx.text.rtc_timestamp_enable), (8 bytes).
    Removing gd32e23x_rtc.o(.text.rtc_timestamp_disable), (36 bytes).
    Removing gd32e23x_rtc.o(.ARM.exidx.text.rtc_timestamp_disable), (8 bytes).
    Removing gd32e23x_rtc.o(.text.rtc_timestamp_get), (120 bytes).
    Removing gd32e23x_rtc.o(.ARM.exidx.text.rtc_timestamp_get), (8 bytes).
    Removing gd32e23x_rtc.o(.text.rtc_timestamp_subsecond_get), (12 bytes).
    Removing gd32e23x_rtc.o(.ARM.exidx.text.rtc_timestamp_subsecond_get), (8 bytes).
    Removing gd32e23x_rtc.o(.text.rtc_tamper_enable), (208 bytes).
    Removing gd32e23x_rtc.o(.ARM.exidx.text.rtc_tamper_enable), (8 bytes).
    Removing gd32e23x_rtc.o(.text.rtc_tamper_disable), (28 bytes).
    Removing gd32e23x_rtc.o(.ARM.exidx.text.rtc_tamper_disable), (8 bytes).
    Removing gd32e23x_rtc.o(.text.rtc_interrupt_enable), (68 bytes).
    Removing gd32e23x_rtc.o(.ARM.exidx.text.rtc_interrupt_enable), (8 bytes).
    Removing gd32e23x_rtc.o(.text.rtc_interrupt_disable), (72 bytes).
    Removing gd32e23x_rtc.o(.ARM.exidx.text.rtc_interrupt_disable), (8 bytes).
    Removing gd32e23x_rtc.o(.text.rtc_flag_get), (48 bytes).
    Removing gd32e23x_rtc.o(.ARM.exidx.text.rtc_flag_get), (8 bytes).
    Removing gd32e23x_rtc.o(.text.rtc_flag_clear), (28 bytes).
    Removing gd32e23x_rtc.o(.ARM.exidx.text.rtc_flag_clear), (8 bytes).
    Removing gd32e23x_rtc.o(.text.rtc_alter_output_config), (100 bytes).
    Removing gd32e23x_rtc.o(.ARM.exidx.text.rtc_alter_output_config), (8 bytes).
    Removing gd32e23x_rtc.o(.text.rtc_calibration_config), (176 bytes).
    Removing gd32e23x_rtc.o(.ARM.exidx.text.rtc_calibration_config), (8 bytes).
    Removing gd32e23x_rtc.o(.text.rtc_hour_adjust), (48 bytes).
    Removing gd32e23x_rtc.o(.ARM.exidx.text.rtc_hour_adjust), (8 bytes).
    Removing gd32e23x_rtc.o(.text.rtc_second_adjust), (188 bytes).
    Removing gd32e23x_rtc.o(.ARM.exidx.text.rtc_second_adjust), (8 bytes).
    Removing gd32e23x_rtc.o(.text.rtc_bypass_shadow_enable), (36 bytes).
    Removing gd32e23x_rtc.o(.ARM.exidx.text.rtc_bypass_shadow_enable), (8 bytes).
    Removing gd32e23x_rtc.o(.text.rtc_bypass_shadow_disable), (36 bytes).
    Removing gd32e23x_rtc.o(.ARM.exidx.text.rtc_bypass_shadow_disable), (8 bytes).
    Removing gd32e23x_rtc.o(.text.rtc_refclock_detection_enable), (76 bytes).
    Removing gd32e23x_rtc.o(.ARM.exidx.text.rtc_refclock_detection_enable), (8 bytes).
    Removing gd32e23x_rtc.o(.text.rtc_refclock_detection_disable), (76 bytes).
    Removing gd32e23x_rtc.o(.ARM.exidx.text.rtc_refclock_detection_disable), (8 bytes).
    Removing gd32e23x_spi.o(.text), (0 bytes).
    Removing gd32e23x_spi.o(.text.spi_i2s_deinit), (84 bytes).
    Removing gd32e23x_spi.o(.ARM.exidx.text.spi_i2s_deinit), (8 bytes).
    Removing gd32e23x_spi.o(.text.spi_struct_para_init), (46 bytes).
    Removing gd32e23x_spi.o(.ARM.exidx.text.spi_struct_para_init), (8 bytes).
    Removing gd32e23x_spi.o(.text.spi_init), (320 bytes).
    Removing gd32e23x_spi.o(.ARM.exidx.text.spi_init), (8 bytes).
    Removing gd32e23x_spi.o(.text.spi_enable), (22 bytes).
    Removing gd32e23x_spi.o(.ARM.exidx.text.spi_enable), (8 bytes).
    Removing gd32e23x_spi.o(.text.spi_disable), (22 bytes).
    Removing gd32e23x_spi.o(.ARM.exidx.text.spi_disable), (8 bytes).
    Removing gd32e23x_spi.o(.text.i2s_init), (96 bytes).
    Removing gd32e23x_spi.o(.ARM.exidx.text.i2s_init), (8 bytes).
    Removing gd32e23x_spi.o(.text.i2s_psc_config), (230 bytes).
    Removing gd32e23x_spi.o(.ARM.exidx.text.i2s_psc_config), (8 bytes).
    Removing gd32e23x_spi.o(.text.i2s_enable), (24 bytes).
    Removing gd32e23x_spi.o(.ARM.exidx.text.i2s_enable), (8 bytes).
    Removing gd32e23x_spi.o(.text.i2s_disable), (24 bytes).
    Removing gd32e23x_spi.o(.ARM.exidx.text.i2s_disable), (8 bytes).
    Removing gd32e23x_spi.o(.text.spi_nss_output_enable), (22 bytes).
    Removing gd32e23x_spi.o(.ARM.exidx.text.spi_nss_output_enable), (8 bytes).
    Removing gd32e23x_spi.o(.text.spi_nss_output_disable), (22 bytes).
    Removing gd32e23x_spi.o(.ARM.exidx.text.spi_nss_output_disable), (8 bytes).
    Removing gd32e23x_spi.o(.text.spi_nss_internal_high), (24 bytes).
    Removing gd32e23x_spi.o(.ARM.exidx.text.spi_nss_internal_high), (8 bytes).
    Removing gd32e23x_spi.o(.text.spi_nss_internal_low), (24 bytes).
    Removing gd32e23x_spi.o(.ARM.exidx.text.spi_nss_internal_low), (8 bytes).
    Removing gd32e23x_spi.o(.text.spi_dma_enable), (52 bytes).
    Removing gd32e23x_spi.o(.ARM.exidx.text.spi_dma_enable), (8 bytes).
    Removing gd32e23x_spi.o(.text.spi_dma_disable), (52 bytes).
    Removing gd32e23x_spi.o(.ARM.exidx.text.spi_dma_disable), (8 bytes).
    Removing gd32e23x_spi.o(.text.spi_transmit_odd_config), (44 bytes).
    Removing gd32e23x_spi.o(.ARM.exidx.text.spi_transmit_odd_config), (8 bytes).
    Removing gd32e23x_spi.o(.text.spi_receive_odd_config), (44 bytes).
    Removing gd32e23x_spi.o(.ARM.exidx.text.spi_receive_odd_config), (8 bytes).
    Removing gd32e23x_spi.o(.text.spi_i2s_data_frame_format_config), (148 bytes).
    Removing gd32e23x_spi.o(.ARM.exidx.text.spi_i2s_data_frame_format_config), (8 bytes).
    Removing gd32e23x_spi.o(.text.spi_fifo_access_size_config), (44 bytes).
    Removing gd32e23x_spi.o(.ARM.exidx.text.spi_fifo_access_size_config), (8 bytes).
    Removing gd32e23x_spi.o(.text.spi_bidirectional_transfer_config), (58 bytes).
    Removing gd32e23x_spi.o(.ARM.exidx.text.spi_bidirectional_transfer_config), (8 bytes).
    Removing gd32e23x_spi.o(.text.spi_i2s_data_transmit), (92 bytes).
    Removing gd32e23x_spi.o(.ARM.exidx.text.spi_i2s_data_transmit), (8 bytes).
    Removing gd32e23x_spi.o(.text.spi_i2s_data_receive), (88 bytes).
    Removing gd32e23x_spi.o(.ARM.exidx.text.spi_i2s_data_receive), (8 bytes).
    Removing gd32e23x_spi.o(.text.spi_i2s_format_error_clear), (26 bytes).
    Removing gd32e23x_spi.o(.ARM.exidx.text.spi_i2s_format_error_clear), (8 bytes).
    Removing gd32e23x_spi.o(.text.spi_crc_polynomial_set), (40 bytes).
    Removing gd32e23x_spi.o(.ARM.exidx.text.spi_crc_polynomial_set), (8 bytes).
    Removing gd32e23x_spi.o(.text.spi_crc_polynomial_get), (18 bytes).
    Removing gd32e23x_spi.o(.ARM.exidx.text.spi_crc_polynomial_get), (8 bytes).
    Removing gd32e23x_spi.o(.text.spi_crc_length_set), (44 bytes).
    Removing gd32e23x_spi.o(.ARM.exidx.text.spi_crc_length_set), (8 bytes).
    Removing gd32e23x_spi.o(.text.spi_crc_on), (24 bytes).
    Removing gd32e23x_spi.o(.ARM.exidx.text.spi_crc_on), (8 bytes).
    Removing gd32e23x_spi.o(.text.spi_crc_off), (24 bytes).
    Removing gd32e23x_spi.o(.ARM.exidx.text.spi_crc_off), (8 bytes).
    Removing gd32e23x_spi.o(.text.spi_crc_next), (24 bytes).
    Removing gd32e23x_spi.o(.ARM.exidx.text.spi_crc_next), (8 bytes).
    Removing gd32e23x_spi.o(.text.spi_crc_get), (52 bytes).
    Removing gd32e23x_spi.o(.ARM.exidx.text.spi_crc_get), (8 bytes).
    Removing gd32e23x_spi.o(.text.spi_crc_error_clear), (20 bytes).
    Removing gd32e23x_spi.o(.ARM.exidx.text.spi_crc_error_clear), (8 bytes).
    Removing gd32e23x_spi.o(.text.spi_ti_mode_enable), (22 bytes).
    Removing gd32e23x_spi.o(.ARM.exidx.text.spi_ti_mode_enable), (8 bytes).
    Removing gd32e23x_spi.o(.text.spi_ti_mode_disable), (22 bytes).
    Removing gd32e23x_spi.o(.ARM.exidx.text.spi_ti_mode_disable), (8 bytes).
    Removing gd32e23x_spi.o(.text.spi_nssp_mode_enable), (22 bytes).
    Removing gd32e23x_spi.o(.ARM.exidx.text.spi_nssp_mode_enable), (8 bytes).
    Removing gd32e23x_spi.o(.text.spi_nssp_mode_disable), (22 bytes).
    Removing gd32e23x_spi.o(.ARM.exidx.text.spi_nssp_mode_disable), (8 bytes).
    Removing gd32e23x_spi.o(.text.spi_quad_enable), (26 bytes).
    Removing gd32e23x_spi.o(.ARM.exidx.text.spi_quad_enable), (8 bytes).
    Removing gd32e23x_spi.o(.text.spi_quad_disable), (26 bytes).
    Removing gd32e23x_spi.o(.ARM.exidx.text.spi_quad_disable), (8 bytes).
    Removing gd32e23x_spi.o(.text.spi_quad_write_enable), (26 bytes).
    Removing gd32e23x_spi.o(.ARM.exidx.text.spi_quad_write_enable), (8 bytes).
    Removing gd32e23x_spi.o(.text.spi_quad_read_enable), (26 bytes).
    Removing gd32e23x_spi.o(.ARM.exidx.text.spi_quad_read_enable), (8 bytes).
    Removing gd32e23x_spi.o(.text.spi_quad_io23_output_enable), (26 bytes).
    Removing gd32e23x_spi.o(.ARM.exidx.text.spi_quad_io23_output_enable), (8 bytes).
    Removing gd32e23x_spi.o(.text.spi_quad_io23_output_disable), (26 bytes).
    Removing gd32e23x_spi.o(.ARM.exidx.text.spi_quad_io23_output_disable), (8 bytes).
    Removing gd32e23x_spi.o(.text.spi_i2s_flag_get), (144 bytes).
    Removing gd32e23x_spi.o(.ARM.exidx.text.spi_i2s_flag_get), (8 bytes).
    Removing gd32e23x_spi.o(.text.spi_i2s_interrupt_enable), (32 bytes).
    Removing gd32e23x_spi.o(.ARM.exidx.text.spi_i2s_interrupt_enable), (8 bytes).
    Removing gd32e23x_spi.o(.text.spi_i2s_interrupt_disable), (32 bytes).
    Removing gd32e23x_spi.o(.ARM.exidx.text.spi_i2s_interrupt_disable), (8 bytes).
    Removing gd32e23x_spi.o(.text.spi_i2s_interrupt_flag_get), (244 bytes).
    Removing gd32e23x_spi.o(.ARM.exidx.text.spi_i2s_interrupt_flag_get), (8 bytes).
    Removing gd32e23x_syscfg.o(.text), (0 bytes).
    Removing gd32e23x_syscfg.o(.text.syscfg_deinit), (24 bytes).
    Removing gd32e23x_syscfg.o(.ARM.exidx.text.syscfg_deinit), (8 bytes).
    Removing gd32e23x_syscfg.o(.text.syscfg_dma_remap_enable), (28 bytes).
    Removing gd32e23x_syscfg.o(.ARM.exidx.text.syscfg_dma_remap_enable), (8 bytes).
    Removing gd32e23x_syscfg.o(.text.syscfg_dma_remap_disable), (28 bytes).
    Removing gd32e23x_syscfg.o(.ARM.exidx.text.syscfg_dma_remap_disable), (8 bytes).
    Removing gd32e23x_syscfg.o(.text.syscfg_high_current_enable), (20 bytes).
    Removing gd32e23x_syscfg.o(.ARM.exidx.text.syscfg_high_current_enable), (8 bytes).
    Removing gd32e23x_syscfg.o(.text.syscfg_high_current_disable), (20 bytes).
    Removing gd32e23x_syscfg.o(.ARM.exidx.text.syscfg_high_current_disable), (8 bytes).
    Removing gd32e23x_syscfg.o(.ARM.exidx.text.syscfg_exti_line_config), (8 bytes).
    Removing gd32e23x_syscfg.o(.text.syscfg_lock_config), (28 bytes).
    Removing gd32e23x_syscfg.o(.ARM.exidx.text.syscfg_lock_config), (8 bytes).
    Removing gd32e23x_syscfg.o(.text.irq_latency_set), (44 bytes).
    Removing gd32e23x_syscfg.o(.ARM.exidx.text.irq_latency_set), (8 bytes).
    Removing gd32e23x_syscfg.o(.text.syscfg_flag_get), (48 bytes).
    Removing gd32e23x_syscfg.o(.ARM.exidx.text.syscfg_flag_get), (8 bytes).
    Removing gd32e23x_syscfg.o(.text.syscfg_flag_clear), (28 bytes).
    Removing gd32e23x_syscfg.o(.ARM.exidx.text.syscfg_flag_clear), (8 bytes).
    Removing gd32e23x_timer.o(.text), (0 bytes).
    Removing gd32e23x_timer.o(.text.timer_deinit), (252 bytes).
    Removing gd32e23x_timer.o(.ARM.exidx.text.timer_deinit), (8 bytes).
    Removing gd32e23x_timer.o(.text.timer_struct_para_init), (44 bytes).
    Removing gd32e23x_timer.o(.ARM.exidx.text.timer_struct_para_init), (8 bytes).
    Removing gd32e23x_timer.o(.text.timer_init), (260 bytes).
    Removing gd32e23x_timer.o(.ARM.exidx.text.timer_init), (8 bytes).
    Removing gd32e23x_timer.o(.text.timer_enable), (22 bytes).
    Removing gd32e23x_timer.o(.ARM.exidx.text.timer_enable), (8 bytes).
    Removing gd32e23x_timer.o(.text.timer_disable), (22 bytes).
    Removing gd32e23x_timer.o(.ARM.exidx.text.timer_disable), (8 bytes).
    Removing gd32e23x_timer.o(.text.timer_auto_reload_shadow_enable), (22 bytes).
    Removing gd32e23x_timer.o(.ARM.exidx.text.timer_auto_reload_shadow_enable), (8 bytes).
    Removing gd32e23x_timer.o(.text.timer_auto_reload_shadow_disable), (22 bytes).
    Removing gd32e23x_timer.o(.ARM.exidx.text.timer_auto_reload_shadow_disable), (8 bytes).
    Removing gd32e23x_timer.o(.text.timer_update_event_enable), (22 bytes).
    Removing gd32e23x_timer.o(.ARM.exidx.text.timer_update_event_enable), (8 bytes).
    Removing gd32e23x_timer.o(.text.timer_update_event_disable), (22 bytes).
    Removing gd32e23x_timer.o(.ARM.exidx.text.timer_update_event_disable), (8 bytes).
    Removing gd32e23x_timer.o(.text.timer_counter_alignment), (42 bytes).
    Removing gd32e23x_timer.o(.ARM.exidx.text.timer_counter_alignment), (8 bytes).
    Removing gd32e23x_timer.o(.text.timer_counter_up_direction), (22 bytes).
    Removing gd32e23x_timer.o(.ARM.exidx.text.timer_counter_up_direction), (8 bytes).
    Removing gd32e23x_timer.o(.text.timer_counter_down_direction), (22 bytes).
    Removing gd32e23x_timer.o(.ARM.exidx.text.timer_counter_down_direction), (8 bytes).
    Removing gd32e23x_timer.o(.text.timer_prescaler_config), (56 bytes).
    Removing gd32e23x_timer.o(.ARM.exidx.text.timer_prescaler_config), (8 bytes).
    Removing gd32e23x_timer.o(.text.timer_repetition_value_config), (26 bytes).
    Removing gd32e23x_timer.o(.ARM.exidx.text.timer_repetition_value_config), (8 bytes).
    Removing gd32e23x_timer.o(.text.timer_autoreload_value_config), (26 bytes).
    Removing gd32e23x_timer.o(.ARM.exidx.text.timer_autoreload_value_config), (8 bytes).
    Removing gd32e23x_timer.o(.text.timer_counter_value_config), (26 bytes).
    Removing gd32e23x_timer.o(.ARM.exidx.text.timer_counter_value_config), (8 bytes).
    Removing gd32e23x_timer.o(.text.timer_counter_read), (24 bytes).
    Removing gd32e23x_timer.o(.ARM.exidx.text.timer_counter_read), (8 bytes).
    Removing gd32e23x_timer.o(.text.timer_prescaler_read), (26 bytes).
    Removing gd32e23x_timer.o(.ARM.exidx.text.timer_prescaler_read), (8 bytes).
    Removing gd32e23x_timer.o(.text.timer_single_pulse_mode_config), (62 bytes).
    Removing gd32e23x_timer.o(.ARM.exidx.text.timer_single_pulse_mode_config), (8 bytes).
    Removing gd32e23x_timer.o(.text.timer_update_source_config), (62 bytes).
    Removing gd32e23x_timer.o(.ARM.exidx.text.timer_update_source_config), (8 bytes).
    Removing gd32e23x_timer.o(.text.timer_ocpre_clear_source_config), (66 bytes).
    Removing gd32e23x_timer.o(.ARM.exidx.text.timer_ocpre_clear_source_config), (8 bytes).
    Removing gd32e23x_timer.o(.text.timer_interrupt_enable), (30 bytes).
    Removing gd32e23x_timer.o(.ARM.exidx.text.timer_interrupt_enable), (8 bytes).
    Removing gd32e23x_timer.o(.text.timer_interrupt_disable), (30 bytes).
    Removing gd32e23x_timer.o(.ARM.exidx.text.timer_interrupt_disable), (8 bytes).
    Removing gd32e23x_timer.o(.text.timer_interrupt_flag_get), (68 bytes).
    Removing gd32e23x_timer.o(.ARM.exidx.text.timer_interrupt_flag_get), (8 bytes).
    Removing gd32e23x_timer.o(.text.timer_interrupt_flag_clear), (26 bytes).
    Removing gd32e23x_timer.o(.ARM.exidx.text.timer_interrupt_flag_clear), (8 bytes).
    Removing gd32e23x_timer.o(.text.timer_flag_get), (50 bytes).
    Removing gd32e23x_timer.o(.ARM.exidx.text.timer_flag_get), (8 bytes).
    Removing gd32e23x_timer.o(.text.timer_flag_clear), (26 bytes).
    Removing gd32e23x_timer.o(.ARM.exidx.text.timer_flag_clear), (8 bytes).
    Removing gd32e23x_timer.o(.text.timer_dma_enable), (32 bytes).
    Removing gd32e23x_timer.o(.ARM.exidx.text.timer_dma_enable), (8 bytes).
    Removing gd32e23x_timer.o(.text.timer_dma_disable), (32 bytes).
    Removing gd32e23x_timer.o(.ARM.exidx.text.timer_dma_disable), (8 bytes).
    Removing gd32e23x_timer.o(.text.timer_channel_dma_request_source_select), (66 bytes).
    Removing gd32e23x_timer.o(.ARM.exidx.text.timer_channel_dma_request_source_select), (8 bytes).
    Removing gd32e23x_timer.o(.text.timer_dma_transfer_config), (56 bytes).
    Removing gd32e23x_timer.o(.ARM.exidx.text.timer_dma_transfer_config), (8 bytes).
    Removing gd32e23x_timer.o(.text.timer_event_software_generate), (32 bytes).
    Removing gd32e23x_timer.o(.ARM.exidx.text.timer_event_software_generate), (8 bytes).
    Removing gd32e23x_timer.o(.text.timer_break_struct_para_init), (42 bytes).
    Removing gd32e23x_timer.o(.ARM.exidx.text.timer_break_struct_para_init), (8 bytes).
    Removing gd32e23x_timer.o(.text.timer_break_config), (52 bytes).
    Removing gd32e23x_timer.o(.ARM.exidx.text.timer_break_config), (8 bytes).
    Removing gd32e23x_timer.o(.text.timer_break_enable), (24 bytes).
    Removing gd32e23x_timer.o(.ARM.exidx.text.timer_break_enable), (8 bytes).
    Removing gd32e23x_timer.o(.text.timer_break_disable), (24 bytes).
    Removing gd32e23x_timer.o(.ARM.exidx.text.timer_break_disable), (8 bytes).
    Removing gd32e23x_timer.o(.text.timer_automatic_output_enable), (24 bytes).
    Removing gd32e23x_timer.o(.ARM.exidx.text.timer_automatic_output_enable), (8 bytes).
    Removing gd32e23x_timer.o(.text.timer_automatic_output_disable), (24 bytes).
    Removing gd32e23x_timer.o(.ARM.exidx.text.timer_automatic_output_disable), (8 bytes).
    Removing gd32e23x_timer.o(.text.timer_primary_output_config), (56 bytes).
    Removing gd32e23x_timer.o(.ARM.exidx.text.timer_primary_output_config), (8 bytes).
    Removing gd32e23x_timer.o(.text.timer_channel_control_shadow_config), (52 bytes).
    Removing gd32e23x_timer.o(.ARM.exidx.text.timer_channel_control_shadow_config), (8 bytes).
    Removing gd32e23x_timer.o(.text.timer_channel_control_shadow_update_config), (66 bytes).
    Removing gd32e23x_timer.o(.ARM.exidx.text.timer_channel_control_shadow_update_config), (8 bytes).
    Removing gd32e23x_timer.o(.text.timer_channel_output_struct_para_init), (38 bytes).
    Removing gd32e23x_timer.o(.ARM.exidx.text.timer_channel_output_struct_para_init), (8 bytes).
    Removing gd32e23x_timer.o(.text.timer_channel_output_config), (768 bytes).
    Removing gd32e23x_timer.o(.ARM.exidx.text.timer_channel_output_config), (8 bytes).
    Removing gd32e23x_timer.o(.text.timer_channel_output_mode_config), (170 bytes).
    Removing gd32e23x_timer.o(.ARM.exidx.text.timer_channel_output_mode_config), (8 bytes).
    Removing gd32e23x_timer.o(.text.timer_channel_output_pulse_value_config), (98 bytes).
    Removing gd32e23x_timer.o(.ARM.exidx.text.timer_channel_output_pulse_value_config), (8 bytes).
    Removing gd32e23x_timer.o(.text.timer_channel_output_shadow_config), (170 bytes).
    Removing gd32e23x_timer.o(.ARM.exidx.text.timer_channel_output_shadow_config), (8 bytes).
    Removing gd32e23x_timer.o(.text.timer_channel_output_fast_config), (170 bytes).
    Removing gd32e23x_timer.o(.ARM.exidx.text.timer_channel_output_fast_config), (8 bytes).
    Removing gd32e23x_timer.o(.text.timer_channel_output_clear_config), (170 bytes).
    Removing gd32e23x_timer.o(.ARM.exidx.text.timer_channel_output_clear_config), (8 bytes).
    Removing gd32e23x_timer.o(.text.timer_channel_output_polarity_config), (172 bytes).
    Removing gd32e23x_timer.o(.ARM.exidx.text.timer_channel_output_polarity_config), (8 bytes).
    Removing gd32e23x_timer.o(.text.timer_channel_complementary_output_polarity_config), (172 bytes).
    Removing gd32e23x_timer.o(.ARM.exidx.text.timer_channel_complementary_output_polarity_config), (8 bytes).
    Removing gd32e23x_timer.o(.text.timer_channel_output_state_config), (164 bytes).
    Removing gd32e23x_timer.o(.ARM.exidx.text.timer_channel_output_state_config), (8 bytes).
    Removing gd32e23x_timer.o(.text.timer_channel_complementary_output_state_config), (136 bytes).
    Removing gd32e23x_timer.o(.ARM.exidx.text.timer_channel_complementary_output_state_config), (8 bytes).
    Removing gd32e23x_timer.o(.text.timer_channel_input_struct_para_init), (32 bytes).
    Removing gd32e23x_timer.o(.ARM.exidx.text.timer_channel_input_struct_para_init), (8 bytes).
    Removing gd32e23x_timer.o(.text.timer_input_capture_config), (458 bytes).
    Removing gd32e23x_timer.o(.ARM.exidx.text.timer_input_capture_config), (8 bytes).
    Removing gd32e23x_timer.o(.text.timer_channel_input_capture_prescaler_config), (170 bytes).
    Removing gd32e23x_timer.o(.ARM.exidx.text.timer_channel_input_capture_prescaler_config), (8 bytes).
    Removing gd32e23x_timer.o(.text.timer_channel_capture_value_register_read), (96 bytes).
    Removing gd32e23x_timer.o(.ARM.exidx.text.timer_channel_capture_value_register_read), (8 bytes).
    Removing gd32e23x_timer.o(.text.timer_input_pwm_capture_config), (524 bytes).
    Removing gd32e23x_timer.o(.ARM.exidx.text.timer_input_pwm_capture_config), (8 bytes).
    Removing gd32e23x_timer.o(.text.timer_hall_mode_config), (62 bytes).
    Removing gd32e23x_timer.o(.ARM.exidx.text.timer_hall_mode_config), (8 bytes).
    Removing gd32e23x_timer.o(.text.timer_input_trigger_source_select), (40 bytes).
    Removing gd32e23x_timer.o(.ARM.exidx.text.timer_input_trigger_source_select), (8 bytes).
    Removing gd32e23x_timer.o(.text.timer_master_output_trigger_source_select), (40 bytes).
    Removing gd32e23x_timer.o(.ARM.exidx.text.timer_master_output_trigger_source_select), (8 bytes).
    Removing gd32e23x_timer.o(.text.timer_slave_mode_select), (40 bytes).
    Removing gd32e23x_timer.o(.ARM.exidx.text.timer_slave_mode_select), (8 bytes).
    Removing gd32e23x_timer.o(.text.timer_master_slave_mode_config), (62 bytes).
    Removing gd32e23x_timer.o(.ARM.exidx.text.timer_master_slave_mode_config), (8 bytes).
    Removing gd32e23x_timer.o(.text.timer_external_trigger_config), (70 bytes).
    Removing gd32e23x_timer.o(.ARM.exidx.text.timer_external_trigger_config), (8 bytes).
    Removing gd32e23x_timer.o(.text.timer_quadrature_decoder_mode_config), (124 bytes).
    Removing gd32e23x_timer.o(.ARM.exidx.text.timer_quadrature_decoder_mode_config), (8 bytes).
    Removing gd32e23x_timer.o(.text.timer_internal_clock_config), (22 bytes).
    Removing gd32e23x_timer.o(.ARM.exidx.text.timer_internal_clock_config), (8 bytes).
    Removing gd32e23x_timer.o(.text.timer_internal_trigger_as_external_clock_config), (46 bytes).
    Removing gd32e23x_timer.o(.ARM.exidx.text.timer_internal_trigger_as_external_clock_config), (8 bytes).
    Removing gd32e23x_timer.o(.text.timer_external_trigger_as_external_clock_config), (242 bytes).
    Removing gd32e23x_timer.o(.ARM.exidx.text.timer_external_trigger_as_external_clock_config), (8 bytes).
    Removing gd32e23x_timer.o(.text.timer_external_clock_mode0_config), (62 bytes).
    Removing gd32e23x_timer.o(.ARM.exidx.text.timer_external_clock_mode0_config), (8 bytes).
    Removing gd32e23x_timer.o(.text.timer_external_clock_mode1_config), (56 bytes).
    Removing gd32e23x_timer.o(.ARM.exidx.text.timer_external_clock_mode1_config), (8 bytes).
    Removing gd32e23x_timer.o(.text.timer_external_clock_mode1_disable), (24 bytes).
    Removing gd32e23x_timer.o(.ARM.exidx.text.timer_external_clock_mode1_disable), (8 bytes).
    Removing gd32e23x_timer.o(.text.timer_channel_remap_config), (24 bytes).
    Removing gd32e23x_timer.o(.ARM.exidx.text.timer_channel_remap_config), (8 bytes).
    Removing gd32e23x_timer.o(.text.timer_write_chxval_register_config), (70 bytes).
    Removing gd32e23x_timer.o(.ARM.exidx.text.timer_write_chxval_register_config), (8 bytes).
    Removing gd32e23x_timer.o(.text.timer_output_value_selection_config), (70 bytes).
    Removing gd32e23x_timer.o(.ARM.exidx.text.timer_output_value_selection_config), (8 bytes).
    Removing gd32e23x_usart.o(.text), (0 bytes).
    Removing gd32e23x_usart.o(.ARM.exidx.text.usart_deinit), (8 bytes).
    Removing gd32e23x_usart.o(.ARM.exidx.text.usart_baudrate_set), (8 bytes).
    Removing gd32e23x_usart.o(.text.usart_parity_config), (52 bytes).
    Removing gd32e23x_usart.o(.ARM.exidx.text.usart_parity_config), (8 bytes).
    Removing gd32e23x_usart.o(.text.usart_word_length_set), (52 bytes).
    Removing gd32e23x_usart.o(.ARM.exidx.text.usart_word_length_set), (8 bytes).
    Removing gd32e23x_usart.o(.text.usart_stop_bit_set), (52 bytes).
    Removing gd32e23x_usart.o(.ARM.exidx.text.usart_stop_bit_set), (8 bytes).
    Removing gd32e23x_usart.o(.ARM.exidx.text.usart_enable), (8 bytes).
    Removing gd32e23x_usart.o(.text.usart_disable), (22 bytes).
    Removing gd32e23x_usart.o(.ARM.exidx.text.usart_disable), (8 bytes).
    Removing gd32e23x_usart.o(.ARM.exidx.text.usart_transmit_config), (8 bytes).
    Removing gd32e23x_usart.o(.ARM.exidx.text.usart_receive_config), (8 bytes).
    Removing gd32e23x_usart.o(.text.usart_data_first_config), (52 bytes).
    Removing gd32e23x_usart.o(.ARM.exidx.text.usart_data_first_config), (8 bytes).
    Removing gd32e23x_usart.o(.text.usart_invert_config), (198 bytes).
    Removing gd32e23x_usart.o(.ARM.exidx.text.usart_invert_config), (8 bytes).
    Removing gd32e23x_usart.o(.text.usart_overrun_enable), (34 bytes).
    Removing gd32e23x_usart.o(.ARM.exidx.text.usart_overrun_enable), (8 bytes).
    Removing gd32e23x_usart.o(.text.usart_overrun_disable), (34 bytes).
    Removing gd32e23x_usart.o(.ARM.exidx.text.usart_overrun_disable), (8 bytes).
    Removing gd32e23x_usart.o(.text.usart_oversample_config), (52 bytes).
    Removing gd32e23x_usart.o(.ARM.exidx.text.usart_oversample_config), (8 bytes).
    Removing gd32e23x_usart.o(.text.usart_sample_bit_config), (52 bytes).
    Removing gd32e23x_usart.o(.ARM.exidx.text.usart_sample_bit_config), (8 bytes).
    Removing gd32e23x_usart.o(.text.usart_receiver_timeout_enable), (24 bytes).
    Removing gd32e23x_usart.o(.ARM.exidx.text.usart_receiver_timeout_enable), (8 bytes).
    Removing gd32e23x_usart.o(.text.usart_receiver_timeout_disable), (24 bytes).
    Removing gd32e23x_usart.o(.ARM.exidx.text.usart_receiver_timeout_disable), (8 bytes).
    Removing gd32e23x_usart.o(.text.usart_receiver_timeout_threshold_config), (42 bytes).
    Removing gd32e23x_usart.o(.ARM.exidx.text.usart_receiver_timeout_threshold_config), (8 bytes).
    Removing gd32e23x_usart.o(.ARM.exidx.text.usart_data_transmit), (8 bytes).
    Removing gd32e23x_usart.o(.text.usart_data_receive), (24 bytes).
    Removing gd32e23x_usart.o(.ARM.exidx.text.usart_data_receive), (8 bytes).
    Removing gd32e23x_usart.o(.text.usart_address_config), (56 bytes).
    Removing gd32e23x_usart.o(.ARM.exidx.text.usart_address_config), (8 bytes).
    Removing gd32e23x_usart.o(.text.usart_address_detection_mode_config), (52 bytes).
    Removing gd32e23x_usart.o(.ARM.exidx.text.usart_address_detection_mode_config), (8 bytes).
    Removing gd32e23x_usart.o(.text.usart_mute_mode_enable), (24 bytes).
    Removing gd32e23x_usart.o(.ARM.exidx.text.usart_mute_mode_enable), (8 bytes).
    Removing gd32e23x_usart.o(.text.usart_mute_mode_disable), (24 bytes).
    Removing gd32e23x_usart.o(.ARM.exidx.text.usart_mute_mode_disable), (8 bytes).
    Removing gd32e23x_usart.o(.text.usart_mute_mode_wakeup_config), (52 bytes).
    Removing gd32e23x_usart.o(.ARM.exidx.text.usart_mute_mode_wakeup_config), (8 bytes).
    Removing gd32e23x_usart.o(.text.usart_lin_mode_enable), (34 bytes).
    Removing gd32e23x_usart.o(.ARM.exidx.text.usart_lin_mode_enable), (8 bytes).
    Removing gd32e23x_usart.o(.text.usart_lin_mode_disable), (34 bytes).
    Removing gd32e23x_usart.o(.ARM.exidx.text.usart_lin_mode_disable), (8 bytes).
    Removing gd32e23x_usart.o(.text.usart_lin_break_detection_length_config), (52 bytes).
    Removing gd32e23x_usart.o(.ARM.exidx.text.usart_lin_break_detection_length_config), (8 bytes).
    Removing gd32e23x_usart.o(.text.usart_halfduplex_enable), (32 bytes).
    Removing gd32e23x_usart.o(.ARM.exidx.text.usart_halfduplex_enable), (8 bytes).
    Removing gd32e23x_usart.o(.text.usart_halfduplex_disable), (32 bytes).
    Removing gd32e23x_usart.o(.ARM.exidx.text.usart_halfduplex_disable), (8 bytes).
    Removing gd32e23x_usart.o(.text.usart_clock_enable), (34 bytes).
    Removing gd32e23x_usart.o(.ARM.exidx.text.usart_clock_enable), (8 bytes).
    Removing gd32e23x_usart.o(.text.usart_clock_disable), (34 bytes).
    Removing gd32e23x_usart.o(.ARM.exidx.text.usart_clock_disable), (8 bytes).
    Removing gd32e23x_usart.o(.text.usart_synchronous_clock_config), (102 bytes).
    Removing gd32e23x_usart.o(.ARM.exidx.text.usart_synchronous_clock_config), (8 bytes).
    Removing gd32e23x_usart.o(.text.usart_guard_time_config), (56 bytes).
    Removing gd32e23x_usart.o(.ARM.exidx.text.usart_guard_time_config), (8 bytes).
    Removing gd32e23x_usart.o(.text.usart_smartcard_mode_enable), (32 bytes).
    Removing gd32e23x_usart.o(.ARM.exidx.text.usart_smartcard_mode_enable), (8 bytes).
    Removing gd32e23x_usart.o(.text.usart_smartcard_mode_disable), (32 bytes).
    Removing gd32e23x_usart.o(.ARM.exidx.text.usart_smartcard_mode_disable), (8 bytes).
    Removing gd32e23x_usart.o(.text.usart_smartcard_mode_nack_enable), (32 bytes).
    Removing gd32e23x_usart.o(.ARM.exidx.text.usart_smartcard_mode_nack_enable), (8 bytes).
    Removing gd32e23x_usart.o(.text.usart_smartcard_mode_nack_disable), (32 bytes).
    Removing gd32e23x_usart.o(.ARM.exidx.text.usart_smartcard_mode_nack_disable), (8 bytes).
    Removing gd32e23x_usart.o(.text.usart_smartcard_mode_early_nack_enable), (26 bytes).
    Removing gd32e23x_usart.o(.ARM.exidx.text.usart_smartcard_mode_early_nack_enable), (8 bytes).
    Removing gd32e23x_usart.o(.text.usart_smartcard_mode_early_nack_disable), (26 bytes).
    Removing gd32e23x_usart.o(.ARM.exidx.text.usart_smartcard_mode_early_nack_disable), (8 bytes).
    Removing gd32e23x_usart.o(.text.usart_smartcard_autoretry_config), (56 bytes).
    Removing gd32e23x_usart.o(.ARM.exidx.text.usart_smartcard_autoretry_config), (8 bytes).
    Removing gd32e23x_usart.o(.text.usart_block_length_config), (44 bytes).
    Removing gd32e23x_usart.o(.ARM.exidx.text.usart_block_length_config), (8 bytes).
    Removing gd32e23x_usart.o(.text.usart_irda_mode_enable), (32 bytes).
    Removing gd32e23x_usart.o(.ARM.exidx.text.usart_irda_mode_enable), (8 bytes).
    Removing gd32e23x_usart.o(.text.usart_irda_mode_disable), (32 bytes).
    Removing gd32e23x_usart.o(.ARM.exidx.text.usart_irda_mode_disable), (8 bytes).
    Removing gd32e23x_usart.o(.text.usart_prescaler_config), (50 bytes).
    Removing gd32e23x_usart.o(.ARM.exidx.text.usart_prescaler_config), (8 bytes).
    Removing gd32e23x_usart.o(.text.usart_irda_lowpower_config), (52 bytes).
    Removing gd32e23x_usart.o(.ARM.exidx.text.usart_irda_lowpower_config), (8 bytes).
    Removing gd32e23x_usart.o(.text.usart_hardware_flow_rts_config), (52 bytes).
    Removing gd32e23x_usart.o(.ARM.exidx.text.usart_hardware_flow_rts_config), (8 bytes).
    Removing gd32e23x_usart.o(.text.usart_hardware_flow_cts_config), (52 bytes).
    Removing gd32e23x_usart.o(.ARM.exidx.text.usart_hardware_flow_cts_config), (8 bytes).
    Removing gd32e23x_usart.o(.text.usart_hardware_flow_coherence_config), (44 bytes).
    Removing gd32e23x_usart.o(.ARM.exidx.text.usart_hardware_flow_coherence_config), (8 bytes).
    Removing gd32e23x_usart.o(.text.usart_rs485_driver_enable), (34 bytes).
    Removing gd32e23x_usart.o(.ARM.exidx.text.usart_rs485_driver_enable), (8 bytes).
    Removing gd32e23x_usart.o(.text.usart_rs485_driver_disable), (34 bytes).
    Removing gd32e23x_usart.o(.ARM.exidx.text.usart_rs485_driver_disable), (8 bytes).
    Removing gd32e23x_usart.o(.text.usart_driver_assertime_config), (56 bytes).
    Removing gd32e23x_usart.o(.ARM.exidx.text.usart_driver_assertime_config), (8 bytes).
    Removing gd32e23x_usart.o(.text.usart_driver_deassertime_config), (56 bytes).
    Removing gd32e23x_usart.o(.ARM.exidx.text.usart_driver_deassertime_config), (8 bytes).
    Removing gd32e23x_usart.o(.text.usart_depolarity_config), (54 bytes).
    Removing gd32e23x_usart.o(.ARM.exidx.text.usart_depolarity_config), (8 bytes).
    Removing gd32e23x_usart.o(.text.usart_dma_receive_config), (40 bytes).
    Removing gd32e23x_usart.o(.ARM.exidx.text.usart_dma_receive_config), (8 bytes).
    Removing gd32e23x_usart.o(.text.usart_dma_transmit_config), (40 bytes).
    Removing gd32e23x_usart.o(.ARM.exidx.text.usart_dma_transmit_config), (8 bytes).
    Removing gd32e23x_usart.o(.text.usart_reception_error_dma_disable), (34 bytes).
    Removing gd32e23x_usart.o(.ARM.exidx.text.usart_reception_error_dma_disable), (8 bytes).
    Removing gd32e23x_usart.o(.text.usart_reception_error_dma_enable), (34 bytes).
    Removing gd32e23x_usart.o(.ARM.exidx.text.usart_reception_error_dma_enable), (8 bytes).
    Removing gd32e23x_usart.o(.text.usart_wakeup_enable), (22 bytes).
    Removing gd32e23x_usart.o(.ARM.exidx.text.usart_wakeup_enable), (8 bytes).
    Removing gd32e23x_usart.o(.text.usart_wakeup_disable), (22 bytes).
    Removing gd32e23x_usart.o(.ARM.exidx.text.usart_wakeup_disable), (8 bytes).
    Removing gd32e23x_usart.o(.text.usart_wakeup_mode_config), (54 bytes).
    Removing gd32e23x_usart.o(.ARM.exidx.text.usart_wakeup_mode_config), (8 bytes).
    Removing gd32e23x_usart.o(.text.usart_receive_fifo_enable), (28 bytes).
    Removing gd32e23x_usart.o(.ARM.exidx.text.usart_receive_fifo_enable), (8 bytes).
    Removing gd32e23x_usart.o(.text.usart_receive_fifo_disable), (28 bytes).
    Removing gd32e23x_usart.o(.ARM.exidx.text.usart_receive_fifo_disable), (8 bytes).
    Removing gd32e23x_usart.o(.text.usart_receive_fifo_counter_number), (26 bytes).
    Removing gd32e23x_usart.o(.ARM.exidx.text.usart_receive_fifo_counter_number), (8 bytes).
    Removing gd32e23x_usart.o(.ARM.exidx.text.usart_flag_get), (8 bytes).
    Removing gd32e23x_usart.o(.text.usart_flag_clear), (40 bytes).
    Removing gd32e23x_usart.o(.ARM.exidx.text.usart_flag_clear), (8 bytes).
    Removing gd32e23x_usart.o(.text.usart_interrupt_enable), (44 bytes).
    Removing gd32e23x_usart.o(.ARM.exidx.text.usart_interrupt_enable), (8 bytes).
    Removing gd32e23x_usart.o(.text.usart_interrupt_disable), (44 bytes).
    Removing gd32e23x_usart.o(.ARM.exidx.text.usart_interrupt_disable), (8 bytes).
    Removing gd32e23x_usart.o(.text.usart_command_enable), (30 bytes).
    Removing gd32e23x_usart.o(.ARM.exidx.text.usart_command_enable), (8 bytes).
    Removing gd32e23x_usart.o(.text.usart_interrupt_flag_get), (110 bytes).
    Removing gd32e23x_usart.o(.ARM.exidx.text.usart_interrupt_flag_get), (8 bytes).
    Removing gd32e23x_usart.o(.text.usart_interrupt_flag_clear), (72 bytes).
    Removing gd32e23x_usart.o(.ARM.exidx.text.usart_interrupt_flag_clear), (8 bytes).
    Removing gd32e23x_wwdgt.o(.text), (0 bytes).
    Removing gd32e23x_wwdgt.o(.text.wwdgt_deinit), (28 bytes).
    Removing gd32e23x_wwdgt.o(.ARM.exidx.text.wwdgt_deinit), (8 bytes).
    Removing gd32e23x_wwdgt.o(.text.wwdgt_enable), (16 bytes).
    Removing gd32e23x_wwdgt.o(.ARM.exidx.text.wwdgt_enable), (8 bytes).
    Removing gd32e23x_wwdgt.o(.text.wwdgt_counter_update), (28 bytes).
    Removing gd32e23x_wwdgt.o(.ARM.exidx.text.wwdgt_counter_update), (8 bytes).
    Removing gd32e23x_wwdgt.o(.text.wwdgt_config), (60 bytes).
    Removing gd32e23x_wwdgt.o(.ARM.exidx.text.wwdgt_config), (8 bytes).
    Removing gd32e23x_wwdgt.o(.text.wwdgt_flag_get), (44 bytes).
    Removing gd32e23x_wwdgt.o(.ARM.exidx.text.wwdgt_flag_get), (8 bytes).
    Removing gd32e23x_wwdgt.o(.text.wwdgt_flag_clear), (16 bytes).
    Removing gd32e23x_wwdgt.o(.ARM.exidx.text.wwdgt_flag_clear), (8 bytes).
    Removing gd32e23x_wwdgt.o(.text.wwdgt_interrupt_enable), (20 bytes).
    Removing gd32e23x_wwdgt.o(.ARM.exidx.text.wwdgt_interrupt_enable), (8 bytes).
    Removing startup_gd32e23x.o(HEAP), (1024 bytes).

1011 unused section(s) (total 35442 bytes) removed from the image.

==============================================================================

Image Symbol Table

    Local Symbols

    Symbol Name                              Value     Ov Type        Size  Object(Section)

    ../clib/microlib/division.c              0x00000000   Number         0  uidiv.o ABSOLUTE
    ../clib/microlib/division.c              0x00000000   Number         0  uldiv.o ABSOLUTE
    ../clib/microlib/init/entry.s            0x00000000   Number         0  entry.o ABSOLUTE
    ../clib/microlib/init/entry.s            0x00000000   Number         0  entry2.o ABSOLUTE
    ../clib/microlib/init/entry.s            0x00000000   Number         0  entry5.o ABSOLUTE
    ../clib/microlib/init/entry.s            0x00000000   Number         0  entry7a.o ABSOLUTE
    ../clib/microlib/init/entry.s            0x00000000   Number         0  entry7b.o ABSOLUTE
    ../clib/microlib/init/entry.s            0x00000000   Number         0  entry8a.o ABSOLUTE
    ../clib/microlib/init/entry.s            0x00000000   Number         0  entry8b.o ABSOLUTE
    ../clib/microlib/init/entry.s            0x00000000   Number         0  entry9a.o ABSOLUTE
    ../clib/microlib/init/entry.s            0x00000000   Number         0  entry9b.o ABSOLUTE
    ../clib/microlib/init/entry.s            0x00000000   Number         0  entry10a.o ABSOLUTE
    ../clib/microlib/init/entry.s            0x00000000   Number         0  entry10b.o ABSOLUTE
    ../clib/microlib/init/entry.s            0x00000000   Number         0  entry11a.o ABSOLUTE
    ../clib/microlib/init/entry.s            0x00000000   Number         0  entry11b.o ABSOLUTE
    ../clib/microlib/longlong.c              0x00000000   Number         0  llshl.o ABSOLUTE
    ../clib/microlib/longlong.c              0x00000000   Number         0  llushr.o ABSOLUTE
    ../clib/microlib/longlong.c              0x00000000   Number         0  llsshr.o ABSOLUTE
    ../clib/microlib/printf/printf.c         0x00000000   Number         0  printfa.o ABSOLUTE
    ../clib/microlib/stdio/streams.c         0x00000000   Number         0  stdout.o ABSOLUTE
    ../clib/microlib/stubs.s                 0x00000000   Number         0  iusefp.o ABSOLUTE
    ../fplib/microlib/fpadd.c                0x00000000   Number         0  dadd.o ABSOLUTE
    ../fplib/microlib/fpdiv.c                0x00000000   Number         0  ddiv.o ABSOLUTE
    ../fplib/microlib/fpepilogue.c           0x00000000   Number         0  depilogue.o ABSOLUTE
    ../fplib/microlib/fpfix.c                0x00000000   Number         0  dfixul.o ABSOLUTE
    ../fplib/microlib/fpmul.c                0x00000000   Number         0  dmul.o ABSOLUTE
    ..\..\Firmware\CMSIS\GD\GD32E23x\Source\ARM\startup_gd32e23x.s 0x00000000   Number         0  startup_gd32e23x.o ABSOLUTE
    cdrcmple.s                               0x00000000   Number         0  cdrcmple.o ABSOLUTE
    dc.s                                     0x00000000   Number         0  dc.o ABSOLUTE
    gd32e230c_eval.c                         0x00000000   Number         0  gd32e230c_eval.o ABSOLUTE
    gd32e23x_adc.c                           0x00000000   Number         0  gd32e23x_adc.o ABSOLUTE
    gd32e23x_cmp.c                           0x00000000   Number         0  gd32e23x_cmp.o ABSOLUTE
    gd32e23x_crc.c                           0x00000000   Number         0  gd32e23x_crc.o ABSOLUTE
    gd32e23x_dbg.c                           0x00000000   Number         0  gd32e23x_dbg.o ABSOLUTE
    gd32e23x_dma.c                           0x00000000   Number         0  gd32e23x_dma.o ABSOLUTE
    gd32e23x_exti.c                          0x00000000   Number         0  gd32e23x_exti.o ABSOLUTE
    gd32e23x_fmc.c                           0x00000000   Number         0  gd32e23x_fmc.o ABSOLUTE
    gd32e23x_fwdgt.c                         0x00000000   Number         0  gd32e23x_fwdgt.o ABSOLUTE
    gd32e23x_gpio.c                          0x00000000   Number         0  gd32e23x_gpio.o ABSOLUTE
    gd32e23x_i2c.c                           0x00000000   Number         0  gd32e23x_i2c.o ABSOLUTE
    gd32e23x_it.c                            0x00000000   Number         0  gd32e23x_it.o ABSOLUTE
    gd32e23x_misc.c                          0x00000000   Number         0  gd32e23x_misc.o ABSOLUTE
    gd32e23x_pmu.c                           0x00000000   Number         0  gd32e23x_pmu.o ABSOLUTE
    gd32e23x_rcu.c                           0x00000000   Number         0  gd32e23x_rcu.o ABSOLUTE
    gd32e23x_rtc.c                           0x00000000   Number         0  gd32e23x_rtc.o ABSOLUTE
    gd32e23x_spi.c                           0x00000000   Number         0  gd32e23x_spi.o ABSOLUTE
    gd32e23x_syscfg.c                        0x00000000   Number         0  gd32e23x_syscfg.o ABSOLUTE
    gd32e23x_timer.c                         0x00000000   Number         0  gd32e23x_timer.o ABSOLUTE
    gd32e23x_usart.c                         0x00000000   Number         0  gd32e23x_usart.o ABSOLUTE
    gd32e23x_wwdgt.c                         0x00000000   Number         0  gd32e23x_wwdgt.o ABSOLUTE
    handlers.s                               0x00000000   Number         0  handlers.o ABSOLUTE
    init.s                                   0x00000000   Number         0  init.o ABSOLUTE
    main.c                                   0x00000000   Number         0  main.o ABSOLUTE
    system_gd32e23x.c                        0x00000000   Number         0  system_gd32e23x.o ABSOLUTE
    systick.c                                0x00000000   Number         0  systick.o ABSOLUTE
    RESET                                    0x08000000   Section      204  startup_gd32e23x.o(RESET)
    .ARM.Collect$$$$00000000                 0x080000cc   Section        0  entry.o(.ARM.Collect$$$$00000000)
    .ARM.Collect$$$$00000001                 0x080000cc   Section        4  entry2.o(.ARM.Collect$$$$00000001)
    .ARM.Collect$$$$00000004                 0x080000d0   Section        4  entry5.o(.ARM.Collect$$$$00000004)
    .ARM.Collect$$$$00000008                 0x080000d4   Section        0  entry7b.o(.ARM.Collect$$$$00000008)
    .ARM.Collect$$$$0000000A                 0x080000d4   Section        0  entry8b.o(.ARM.Collect$$$$0000000A)
    .ARM.Collect$$$$0000000B                 0x080000d4   Section        8  entry9a.o(.ARM.Collect$$$$0000000B)
    __lit__00000000                          0x080000dc   Data           4  entry2.o(.ARM.Collect$$$$00002712)
    .ARM.Collect$$$$0000000D                 0x080000dc   Section        0  entry10a.o(.ARM.Collect$$$$0000000D)
    .ARM.Collect$$$$0000000F                 0x080000dc   Section        0  entry11a.o(.ARM.Collect$$$$0000000F)
    .ARM.Collect$$$$00002712                 0x080000dc   Section        4  entry2.o(.ARM.Collect$$$$00002712)
    .text                                    0x080000e0   Section       28  startup_gd32e23x.o(.text)
    .text                                    0x080000fc   Section        0  uidiv.o(.text)
    .text                                    0x08000128   Section        0  uldiv.o(.text)
    .text                                    0x08000188   Section        0  iusefp.o(.text)
    .text                                    0x08000188   Section        0  dadd.o(.text)
    .text                                    0x080002ec   Section        0  dmul.o(.text)
    .text                                    0x080003bc   Section        0  ddiv.o(.text)
    .text                                    0x080004ac   Section        0  dfixul.o(.text)
    .text                                    0x080004ec   Section       40  cdrcmple.o(.text)
    .text                                    0x08000514   Section       36  init.o(.text)
    .text                                    0x08000538   Section        0  llshl.o(.text)
    .text                                    0x08000558   Section        0  llushr.o(.text)
    .text                                    0x0800057a   Section        0  llsshr.o(.text)
    .text                                    0x080005a0   Section        0  depilogue.o(.text)
    [Anonymous Symbol]                       0x0800065e   Section        0  gd32e23x_it.o(.text.HardFault_Handler)
    [Anonymous Symbol]                       0x08000662   Section        0  gd32e23x_it.o(.text.NMI_Handler)
    [Anonymous Symbol]                       0x08000664   Section        0  gd32e23x_it.o(.text.PendSV_Handler)
    [Anonymous Symbol]                       0x08000666   Section        0  gd32e23x_it.o(.text.SVC_Handler)
    SysTick_Config                           0x08000669   Thumb Code    88  systick.o(.text.SysTick_Config)
    [Anonymous Symbol]                       0x08000668   Section        0  systick.o(.text.SysTick_Config)
    __arm_cp.1_0                             0x080006b4   Number         4  systick.o(.text.SysTick_Config)
    __arm_cp.1_1                             0x080006b8   Number         4  systick.o(.text.SysTick_Config)
    __arm_cp.1_2                             0x080006bc   Number         4  systick.o(.text.SysTick_Config)
    [Anonymous Symbol]                       0x080006c0   Section        0  gd32e23x_it.o(.text.SysTick_Handler)
    [Anonymous Symbol]                       0x080006cc   Section        0  system_gd32e23x.o(.text.SystemInit)
    __arm_cp.0_0                             0x080007a4   Number         4  system_gd32e23x.o(.text.SystemInit)
    __arm_cp.0_1                             0x080007a8   Number         4  system_gd32e23x.o(.text.SystemInit)
    __arm_cp.0_2                             0x080007ac   Number         4  system_gd32e23x.o(.text.SystemInit)
    __arm_cp.0_3                             0x080007b0   Number         4  system_gd32e23x.o(.text.SystemInit)
    __arm_cp.0_4                             0x080007b4   Number         4  system_gd32e23x.o(.text.SystemInit)
    __arm_cp.0_5                             0x080007b8   Number         4  system_gd32e23x.o(.text.SystemInit)
    __arm_cp.0_6                             0x080007bc   Number         4  system_gd32e23x.o(.text.SystemInit)
    __arm_cp.0_7                             0x080007c0   Number         4  system_gd32e23x.o(.text.SystemInit)
    __arm_cp.0_8                             0x080007c4   Number         4  system_gd32e23x.o(.text.SystemInit)
    __NVIC_EnableIRQ                         0x080007c9   Thumb Code    56  gd32e23x_misc.o(.text.__NVIC_EnableIRQ)
    [Anonymous Symbol]                       0x080007c8   Section        0  gd32e23x_misc.o(.text.__NVIC_EnableIRQ)
    __arm_cp.2_0                             0x080007fc   Number         4  gd32e23x_misc.o(.text.__NVIC_EnableIRQ)
    __NVIC_SetPriority                       0x08000801   Thumb Code   140  systick.o(.text.__NVIC_SetPriority)
    [Anonymous Symbol]                       0x08000800   Section        0  systick.o(.text.__NVIC_SetPriority)
    __NVIC_SetPriority                       0x08000885   Thumb Code   140  gd32e23x_misc.o(.text.__NVIC_SetPriority)
    [Anonymous Symbol]                       0x08000884   Section        0  gd32e23x_misc.o(.text.__NVIC_SetPriority)
    __arm_cp.1_0                             0x08000908   Number         4  gd32e23x_misc.o(.text.__NVIC_SetPriority)
    __arm_cp.1_1                             0x0800090c   Number         4  gd32e23x_misc.o(.text.__NVIC_SetPriority)
    [Anonymous Symbol]                       0x08000910   Section        0  systick.o(.text.delay_1ms)
    [Anonymous Symbol]                       0x08000930   Section        0  systick.o(.text.delay_decrement)
    __arm_cp.4_0                             0x08000948   Number         4  systick.o(.text.delay_decrement)
    [Anonymous Symbol]                       0x0800094c   Section        0  gd32e23x_exti.o(.text.exti_init)
    __arm_cp.1_0                             0x08000a2c   Number         4  gd32e23x_exti.o(.text.exti_init)
    __arm_cp.1_1                             0x08000a30   Number         4  gd32e23x_exti.o(.text.exti_init)
    __arm_cp.1_2                             0x08000a34   Number         4  gd32e23x_exti.o(.text.exti_init)
    __arm_cp.1_3                             0x08000a38   Number         4  gd32e23x_exti.o(.text.exti_init)
    [Anonymous Symbol]                       0x08000a3c   Section        0  gd32e23x_exti.o(.text.exti_interrupt_flag_clear)
    __arm_cp.11_0                            0x08000a50   Number         4  gd32e23x_exti.o(.text.exti_interrupt_flag_clear)
    [Anonymous Symbol]                       0x08000a54   Section        0  main.o(.text.fputc)
    __arm_cp.2_0                             0x08000a88   Number         4  main.o(.text.fputc)
    __arm_cp.2_1                             0x08000a8c   Number         4  main.o(.text.fputc)
    [Anonymous Symbol]                       0x08000a90   Section        0  gd32e230c_eval.o(.text.gd_eval_com_init)
    __arm_cp.6_0                             0x08000b5c   Number         4  gd32e230c_eval.o(.text.gd_eval_com_init)
    __arm_cp.6_1                             0x08000b60   Number         4  gd32e230c_eval.o(.text.gd_eval_com_init)
    __arm_cp.6_2                             0x08000b64   Number         4  gd32e230c_eval.o(.text.gd_eval_com_init)
    __arm_cp.6_3                             0x08000b68   Number         4  gd32e230c_eval.o(.text.gd_eval_com_init)
    [Anonymous Symbol]                       0x08000b6c   Section        0  gd32e230c_eval.o(.text.gd_eval_key_init)
    __arm_cp.4_0                             0x08000c0c   Number         4  gd32e230c_eval.o(.text.gd_eval_key_init)
    __arm_cp.4_3                             0x08000c10   Number         4  gd32e230c_eval.o(.text.gd_eval_key_init)
    __arm_cp.4_4                             0x08000c14   Number         4  gd32e230c_eval.o(.text.gd_eval_key_init)
    __arm_cp.4_5                             0x08000c18   Number         4  gd32e230c_eval.o(.text.gd_eval_key_init)
    __arm_cp.4_6                             0x08000c1c   Number         4  gd32e230c_eval.o(.text.gd_eval_key_init)
    [Anonymous Symbol]                       0x08000c20   Section        0  gd32e230c_eval.o(.text.gd_eval_key_state_get)
    __arm_cp.5_0                             0x08000c48   Number         4  gd32e230c_eval.o(.text.gd_eval_key_state_get)
    __arm_cp.5_1                             0x08000c4c   Number         4  gd32e230c_eval.o(.text.gd_eval_key_state_get)
    [Anonymous Symbol]                       0x08000c50   Section        0  gd32e230c_eval.o(.text.gd_eval_led_init)
    __arm_cp.0_0                             0x08000cbc   Number         4  gd32e230c_eval.o(.text.gd_eval_led_init)
    [Anonymous Symbol]                       0x08000cc0   Section        0  gd32e230c_eval.o(.text.gd_eval_led_off)
    [Anonymous Symbol]                       0x08000cdc   Section        0  gd32e230c_eval.o(.text.gd_eval_led_on)
    [Anonymous Symbol]                       0x08000cf8   Section        0  gd32e230c_eval.o(.text.gd_eval_led_toggle)
    __arm_cp.3_0                             0x08000d14   Number         4  gd32e230c_eval.o(.text.gd_eval_led_toggle)
    __arm_cp.3_1                             0x08000d18   Number         4  gd32e230c_eval.o(.text.gd_eval_led_toggle)
    [Anonymous Symbol]                       0x08000d1c   Section        0  gd32e23x_gpio.o(.text.gpio_af_set)
    [Anonymous Symbol]                       0x08000dee   Section        0  gd32e23x_gpio.o(.text.gpio_input_bit_get)
    [Anonymous Symbol]                       0x08000e20   Section        0  gd32e23x_gpio.o(.text.gpio_mode_set)
    [Anonymous Symbol]                       0x08000ec2   Section        0  gd32e23x_gpio.o(.text.gpio_output_options_set)
    [Anonymous Symbol]                       0x08000f60   Section        0  main.o(.text.led_spark)
    __arm_cp.0_0                             0x08000fa0   Number         4  main.o(.text.led_spark)
    [Anonymous Symbol]                       0x08000fa4   Section        0  main.o(.text.main)
    __arm_cp.1_0                             0x0800105c   Number         4  main.o(.text.main)
    __arm_cp.1_1                             0x08001060   Number         4  main.o(.text.main)
    __arm_cp.1_2                             0x08001064   Number         4  main.o(.text.main)
    __arm_cp.1_3                             0x08001068   Number         4  main.o(.text.main)
    __arm_cp.1_4                             0x0800106c   Number         4  main.o(.text.main)
    [Anonymous Symbol]                       0x08001070   Section        0  gd32e23x_misc.o(.text.nvic_irq_enable)
    [Anonymous Symbol]                       0x080010a4   Section        0  gd32e23x_misc.o(.text.nvic_vector_table_set)
    __arm_cp.7_0                             0x080010cc   Number         4  gd32e23x_misc.o(.text.nvic_vector_table_set)
    __arm_cp.7_1                             0x080010d0   Number         4  gd32e23x_misc.o(.text.nvic_vector_table_set)
    [Anonymous Symbol]                       0x080010d4   Section        0  gd32e23x_rcu.o(.text.rcu_clock_freq_get)
    __arm_cp.33_0                            0x080013b4   Number         4  gd32e23x_rcu.o(.text.rcu_clock_freq_get)
    __arm_cp.33_1                            0x080013b8   Number         4  gd32e23x_rcu.o(.text.rcu_clock_freq_get)
    __arm_cp.33_2                            0x080013bc   Number         4  gd32e23x_rcu.o(.text.rcu_clock_freq_get)
    __arm_cp.33_3                            0x080013c0   Number         4  gd32e23x_rcu.o(.text.rcu_clock_freq_get)
    __arm_cp.33_4                            0x080013c4   Number         4  gd32e23x_rcu.o(.text.rcu_clock_freq_get)
    __arm_cp.33_5                            0x080013c8   Number         4  gd32e23x_rcu.o(.text.rcu_clock_freq_get)
    __arm_cp.33_6                            0x080013cc   Number         4  gd32e23x_rcu.o(.text.rcu_clock_freq_get)
    __arm_cp.33_7                            0x080013d0   Number         4  gd32e23x_rcu.o(.text.rcu_clock_freq_get)
    __arm_cp.33_8                            0x080013d4   Number         4  gd32e23x_rcu.o(.text.rcu_clock_freq_get)
    [Anonymous Symbol]                       0x080013d8   Section        0  gd32e23x_rcu.o(.text.rcu_periph_clock_enable)
    [Anonymous Symbol]                       0x08001400   Section        0  gd32e23x_rcu.o(.text.rcu_periph_reset_disable)
    [Anonymous Symbol]                       0x08001428   Section        0  gd32e23x_rcu.o(.text.rcu_periph_reset_enable)
    [Anonymous Symbol]                       0x08001450   Section        0  gd32e23x_syscfg.o(.text.syscfg_exti_line_config)
    __arm_cp.5_0                             0x080014fc   Number         4  gd32e23x_syscfg.o(.text.syscfg_exti_line_config)
    __arm_cp.5_1                             0x08001500   Number         4  gd32e23x_syscfg.o(.text.syscfg_exti_line_config)
    __arm_cp.5_2                             0x08001504   Number         4  gd32e23x_syscfg.o(.text.syscfg_exti_line_config)
    __arm_cp.5_3                             0x08001508   Number         4  gd32e23x_syscfg.o(.text.syscfg_exti_line_config)
    system_clock_72m_hxtal                   0x0800150d   Thumb Code   228  system_gd32e23x.o(.text.system_clock_72m_hxtal)
    [Anonymous Symbol]                       0x0800150c   Section        0  system_gd32e23x.o(.text.system_clock_72m_hxtal)
    __arm_cp.3_0                             0x080015dc   Number         4  system_gd32e23x.o(.text.system_clock_72m_hxtal)
    __arm_cp.3_1                             0x080015e0   Number         4  system_gd32e23x.o(.text.system_clock_72m_hxtal)
    __arm_cp.3_2                             0x080015e4   Number         4  system_gd32e23x.o(.text.system_clock_72m_hxtal)
    __arm_cp.3_3                             0x080015e8   Number         4  system_gd32e23x.o(.text.system_clock_72m_hxtal)
    __arm_cp.3_4                             0x080015ec   Number         4  system_gd32e23x.o(.text.system_clock_72m_hxtal)
    system_clock_config                      0x080015f1   Thumb Code     8  system_gd32e23x.o(.text.system_clock_config)
    [Anonymous Symbol]                       0x080015f0   Section        0  system_gd32e23x.o(.text.system_clock_config)
    [Anonymous Symbol]                       0x080015f8   Section        0  systick.o(.text.systick_config)
    __arm_cp.0_0                             0x08001628   Number         4  systick.o(.text.systick_config)
    [Anonymous Symbol]                       0x0800162c   Section        0  gd32e23x_usart.o(.text.usart_baudrate_set)
    __arm_cp.1_2                             0x080016e0   Number         4  gd32e23x_usart.o(.text.usart_baudrate_set)
    [Anonymous Symbol]                       0x080016e4   Section        0  gd32e23x_usart.o(.text.usart_data_transmit)
    __arm_cp.18_0                            0x08001700   Number         4  gd32e23x_usart.o(.text.usart_data_transmit)
    [Anonymous Symbol]                       0x08001704   Section        0  gd32e23x_usart.o(.text.usart_deinit)
    __arm_cp.0_0                             0x0800174c   Number         4  gd32e23x_usart.o(.text.usart_deinit)
    __arm_cp.0_1                             0x08001750   Number         4  gd32e23x_usart.o(.text.usart_deinit)
    __arm_cp.0_2                             0x08001754   Number         4  gd32e23x_usart.o(.text.usart_deinit)
    __arm_cp.0_3                             0x08001758   Number         4  gd32e23x_usart.o(.text.usart_deinit)
    [Anonymous Symbol]                       0x0800175c   Section        0  gd32e23x_usart.o(.text.usart_enable)
    [Anonymous Symbol]                       0x08001772   Section        0  gd32e23x_usart.o(.text.usart_flag_get)
    [Anonymous Symbol]                       0x080017b4   Section        0  gd32e23x_usart.o(.text.usart_receive_config)
    [Anonymous Symbol]                       0x080017dc   Section        0  gd32e23x_usart.o(.text.usart_transmit_config)
    i.__0printf                              0x08001804   Section        0  printfa.o(i.__0printf)
    i.__ARM_clz                              0x08001824   Section        0  depilogue.o(i.__ARM_clz)
    i.__scatterload_copy                     0x08001852   Section       14  handlers.o(i.__scatterload_copy)
    i.__scatterload_null                     0x08001860   Section        2  handlers.o(i.__scatterload_null)
    i.__scatterload_zeroinit                 0x08001862   Section       14  handlers.o(i.__scatterload_zeroinit)
    _fp_digits                               0x08001871   Thumb Code   344  printfa.o(i._fp_digits)
    i._fp_digits                             0x08001870   Section        0  printfa.o(i._fp_digits)
    _printf_core                             0x080019e5   Thumb Code  1754  printfa.o(i._printf_core)
    i._printf_core                           0x080019e4   Section        0  printfa.o(i._printf_core)
    _printf_post_padding                     0x080020d1   Thumb Code    32  printfa.o(i._printf_post_padding)
    i._printf_post_padding                   0x080020d0   Section        0  printfa.o(i._printf_post_padding)
    _printf_pre_padding                      0x080020f1   Thumb Code    44  printfa.o(i._printf_pre_padding)
    i._printf_pre_padding                    0x080020f0   Section        0  printfa.o(i._printf_pre_padding)
    COM_CLK                                  0x0800211c   Data           2  gd32e230c_eval.o(.rodata.COM_CLK)
    [Anonymous Symbol]                       0x0800211c   Section        0  gd32e230c_eval.o(.rodata.COM_CLK)
    COM_RX_PIN                               0x08002120   Data           4  gd32e230c_eval.o(.rodata.COM_RX_PIN)
    [Anonymous Symbol]                       0x08002120   Section        0  gd32e230c_eval.o(.rodata.COM_RX_PIN)
    COM_TX_PIN                               0x08002124   Data           4  gd32e230c_eval.o(.rodata.COM_TX_PIN)
    [Anonymous Symbol]                       0x08002124   Section        0  gd32e230c_eval.o(.rodata.COM_TX_PIN)
    GPIO_CLK                                 0x08002128   Data           8  gd32e230c_eval.o(.rodata.GPIO_CLK)
    [Anonymous Symbol]                       0x08002128   Section        0  gd32e230c_eval.o(.rodata.GPIO_CLK)
    GPIO_PIN                                 0x08002130   Data          16  gd32e230c_eval.o(.rodata.GPIO_PIN)
    [Anonymous Symbol]                       0x08002130   Section        0  gd32e230c_eval.o(.rodata.GPIO_PIN)
    GPIO_PORT                                0x08002140   Data          16  gd32e230c_eval.o(.rodata.GPIO_PORT)
    [Anonymous Symbol]                       0x08002140   Section        0  gd32e230c_eval.o(.rodata.GPIO_PORT)
    KEY_CLK                                  0x08002150   Data           4  gd32e230c_eval.o(.rodata.KEY_CLK)
    [Anonymous Symbol]                       0x08002150   Section        0  gd32e230c_eval.o(.rodata.KEY_CLK)
    KEY_EXTI_LINE                            0x08002154   Data           8  gd32e230c_eval.o(.rodata.KEY_EXTI_LINE)
    [Anonymous Symbol]                       0x08002154   Section        0  gd32e230c_eval.o(.rodata.KEY_EXTI_LINE)
    KEY_IRQn                                 0x0800215c   Data           2  gd32e230c_eval.o(.rodata.KEY_IRQn)
    [Anonymous Symbol]                       0x0800215c   Section        0  gd32e230c_eval.o(.rodata.KEY_IRQn)
    KEY_PIN                                  0x08002160   Data           8  gd32e230c_eval.o(.rodata.KEY_PIN)
    [Anonymous Symbol]                       0x08002160   Section        0  gd32e230c_eval.o(.rodata.KEY_PIN)
    KEY_PIN_SOURCE                           0x08002168   Data           2  gd32e230c_eval.o(.rodata.KEY_PIN_SOURCE)
    [Anonymous Symbol]                       0x08002168   Section        0  gd32e230c_eval.o(.rodata.KEY_PIN_SOURCE)
    KEY_PORT                                 0x0800216c   Data           8  gd32e230c_eval.o(.rodata.KEY_PORT)
    [Anonymous Symbol]                       0x0800216c   Section        0  gd32e230c_eval.o(.rodata.KEY_PORT)
    KEY_PORT_SOURCE                          0x08002174   Data           2  gd32e230c_eval.o(.rodata.KEY_PORT_SOURCE)
    [Anonymous Symbol]                       0x08002174   Section        0  gd32e230c_eval.o(.rodata.KEY_PORT_SOURCE)
    .L.str.2                                 0x08002176   Data          16  main.o(.rodata.str1.1)
    [Anonymous Symbol]                       0x08002176   Section        0  main.o(.rodata.str1.1)
    .L.str.3                                 0x08002186   Data          16  main.o(.rodata.str1.1)
    .L.str.1                                 0x08002196   Data          15  main.o(.rodata.str1.1)
    .L.str                                   0x080021a5   Data          15  main.o(.rodata.str1.1)
    .data                                    0x20000000   Section        4  stdout.o(.data)
    delay                                    0x20000008   Data           4  systick.o(.bss.delay)
    [Anonymous Symbol]                       0x20000008   Section        0  systick.o(.bss.delay)
    led_spark.timingdelaylocal               0x2000000c   Data           4  main.o(.bss.led_spark.timingdelaylocal)
    [Anonymous Symbol]                       0x2000000c   Section        0  main.o(.bss.led_spark.timingdelaylocal)
    STACK                                    0x20000010   Section     1024  startup_gd32e23x.o(STACK)

    Global Symbols

    Symbol Name                              Value     Ov Type        Size  Object(Section)

    BuildAttributes$$THM_ISAv3M$S$8M$PE$A:L22$X:L11$S22$IEEE1$IW$~IW$USESV6$~STKCKD$USESV7$~SHL$OSPACE$ROPI$EBA8$MICROLIB$REQ8$PRES8$EABIv2 0x00000000   Number         0  anon$$obj.o ABSOLUTE
    __cpp_initialize__aeabi_                  - Undefined Weak Reference
    __cxa_finalize                            - Undefined Weak Reference
    __decompress                              - Undefined Weak Reference
    _clock_init                               - Undefined Weak Reference
    _microlib_exit                            - Undefined Weak Reference
    __Vectors_Size                           0x000000cc   Number         0  startup_gd32e23x.o ABSOLUTE
    __Vectors                                0x08000000   Data           4  startup_gd32e23x.o(RESET)
    __Vectors_End                            0x080000cc   Data           0  startup_gd32e23x.o(RESET)
    __main                                   0x080000cd   Thumb Code     0  entry.o(.ARM.Collect$$$$00000000)
    _main_stk                                0x080000cd   Thumb Code     0  entry2.o(.ARM.Collect$$$$00000001)
    _main_scatterload                        0x080000d1   Thumb Code     0  entry5.o(.ARM.Collect$$$$00000004)
    __main_after_scatterload                 0x080000d5   Thumb Code     0  entry5.o(.ARM.Collect$$$$00000004)
    _main_clock                              0x080000d5   Thumb Code     0  entry7b.o(.ARM.Collect$$$$00000008)
    _main_cpp_init                           0x080000d5   Thumb Code     0  entry8b.o(.ARM.Collect$$$$0000000A)
    _main_init                               0x080000d5   Thumb Code     0  entry9a.o(.ARM.Collect$$$$0000000B)
    __rt_final_cpp                           0x080000dd   Thumb Code     0  entry10a.o(.ARM.Collect$$$$0000000D)
    __rt_final_exit                          0x080000dd   Thumb Code     0  entry11a.o(.ARM.Collect$$$$0000000F)
    Reset_Handler                            0x080000e1   Thumb Code     8  startup_gd32e23x.o(.text)
    ADC_CMP_IRQHandler                       0x080000f3   Thumb Code     0  startup_gd32e23x.o(.text)
    DMA_Channel0_IRQHandler                  0x080000f3   Thumb Code     0  startup_gd32e23x.o(.text)
    DMA_Channel1_2_IRQHandler                0x080000f3   Thumb Code     0  startup_gd32e23x.o(.text)
    DMA_Channel3_4_IRQHandler                0x080000f3   Thumb Code     0  startup_gd32e23x.o(.text)
    EXTI0_1_IRQHandler                       0x080000f3   Thumb Code     0  startup_gd32e23x.o(.text)
    EXTI2_3_IRQHandler                       0x080000f3   Thumb Code     0  startup_gd32e23x.o(.text)
    EXTI4_15_IRQHandler                      0x080000f3   Thumb Code     0  startup_gd32e23x.o(.text)
    FMC_IRQHandler                           0x080000f3   Thumb Code     0  startup_gd32e23x.o(.text)
    I2C0_ER_IRQHandler                       0x080000f3   Thumb Code     0  startup_gd32e23x.o(.text)
    I2C0_EV_IRQHandler                       0x080000f3   Thumb Code     0  startup_gd32e23x.o(.text)
    I2C1_ER_IRQHandler                       0x080000f3   Thumb Code     0  startup_gd32e23x.o(.text)
    I2C1_EV_IRQHandler                       0x080000f3   Thumb Code     0  startup_gd32e23x.o(.text)
    LVD_IRQHandler                           0x080000f3   Thumb Code     0  startup_gd32e23x.o(.text)
    RCU_IRQHandler                           0x080000f3   Thumb Code     0  startup_gd32e23x.o(.text)
    RTC_IRQHandler                           0x080000f3   Thumb Code     0  startup_gd32e23x.o(.text)
    SPI0_IRQHandler                          0x080000f3   Thumb Code     0  startup_gd32e23x.o(.text)
    SPI1_IRQHandler                          0x080000f3   Thumb Code     0  startup_gd32e23x.o(.text)
    TIMER0_BRK_UP_TRG_COM_IRQHandler         0x080000f3   Thumb Code     0  startup_gd32e23x.o(.text)
    TIMER0_Channel_IRQHandler                0x080000f3   Thumb Code     0  startup_gd32e23x.o(.text)
    TIMER13_IRQHandler                       0x080000f3   Thumb Code     0  startup_gd32e23x.o(.text)
    TIMER14_IRQHandler                       0x080000f3   Thumb Code     0  startup_gd32e23x.o(.text)
    TIMER15_IRQHandler                       0x080000f3   Thumb Code     0  startup_gd32e23x.o(.text)
    TIMER16_IRQHandler                       0x080000f3   Thumb Code     0  startup_gd32e23x.o(.text)
    TIMER2_IRQHandler                        0x080000f3   Thumb Code     0  startup_gd32e23x.o(.text)
    TIMER5_IRQHandler                        0x080000f3   Thumb Code     0  startup_gd32e23x.o(.text)
    USART0_IRQHandler                        0x080000f3   Thumb Code     0  startup_gd32e23x.o(.text)
    USART1_IRQHandler                        0x080000f3   Thumb Code     0  startup_gd32e23x.o(.text)
    WWDGT_IRQHandler                         0x080000f3   Thumb Code     0  startup_gd32e23x.o(.text)
    __aeabi_uidiv                            0x080000fd   Thumb Code     0  uidiv.o(.text)
    __aeabi_uidivmod                         0x080000fd   Thumb Code    44  uidiv.o(.text)
    __aeabi_uldivmod                         0x08000129   Thumb Code    96  uldiv.o(.text)
    __I$use$fp                               0x08000189   Thumb Code     0  iusefp.o(.text)
    __aeabi_dadd                             0x08000189   Thumb Code   328  dadd.o(.text)
    __aeabi_dsub                             0x080002d1   Thumb Code    12  dadd.o(.text)
    __aeabi_drsub                            0x080002dd   Thumb Code    12  dadd.o(.text)
    __aeabi_dmul                             0x080002ed   Thumb Code   202  dmul.o(.text)
    __aeabi_ddiv                             0x080003bd   Thumb Code   234  ddiv.o(.text)
    __aeabi_d2ulz                            0x080004ad   Thumb Code    54  dfixul.o(.text)
    __aeabi_cdrcmple                         0x080004ed   Thumb Code    38  cdrcmple.o(.text)
    __scatterload                            0x08000515   Thumb Code    28  init.o(.text)
    __scatterload_rt2                        0x08000515   Thumb Code     0  init.o(.text)
    __aeabi_llsl                             0x08000539   Thumb Code    32  llshl.o(.text)
    _ll_shift_l                              0x08000539   Thumb Code     0  llshl.o(.text)
    __aeabi_llsr                             0x08000559   Thumb Code    34  llushr.o(.text)
    _ll_ushift_r                             0x08000559   Thumb Code     0  llushr.o(.text)
    __aeabi_lasr                             0x0800057b   Thumb Code    38  llsshr.o(.text)
    _ll_sshift_r                             0x0800057b   Thumb Code     0  llsshr.o(.text)
    _double_round                            0x080005a1   Thumb Code    26  depilogue.o(.text)
    _double_epilogue                         0x080005bb   Thumb Code   164  depilogue.o(.text)
    HardFault_Handler                        0x0800065f   Thumb Code     4  gd32e23x_it.o(.text.HardFault_Handler)
    NMI_Handler                              0x08000663   Thumb Code     2  gd32e23x_it.o(.text.NMI_Handler)
    PendSV_Handler                           0x08000665   Thumb Code     2  gd32e23x_it.o(.text.PendSV_Handler)
    SVC_Handler                              0x08000667   Thumb Code     2  gd32e23x_it.o(.text.SVC_Handler)
    SysTick_Handler                          0x080006c1   Thumb Code    12  gd32e23x_it.o(.text.SysTick_Handler)
    SystemInit                               0x080006cd   Thumb Code   252  system_gd32e23x.o(.text.SystemInit)
    delay_1ms                                0x08000911   Thumb Code    36  systick.o(.text.delay_1ms)
    delay_decrement                          0x08000931   Thumb Code    28  systick.o(.text.delay_decrement)
    exti_init                                0x0800094d   Thumb Code   240  gd32e23x_exti.o(.text.exti_init)
    exti_interrupt_flag_clear                0x08000a3d   Thumb Code    24  gd32e23x_exti.o(.text.exti_interrupt_flag_clear)
    fputc                                    0x08000a55   Thumb Code    60  main.o(.text.fputc)
    gd_eval_com_init                         0x08000a91   Thumb Code   220  gd32e230c_eval.o(.text.gd_eval_com_init)
    gd_eval_key_init                         0x08000b6d   Thumb Code   188  gd32e230c_eval.o(.text.gd_eval_key_init)
    gd_eval_key_state_get                    0x08000c21   Thumb Code    48  gd32e230c_eval.o(.text.gd_eval_key_state_get)
    gd_eval_led_init                         0x08000c51   Thumb Code   120  gd32e230c_eval.o(.text.gd_eval_led_init)
    gd_eval_led_off                          0x08000cc1   Thumb Code    36  gd32e230c_eval.o(.text.gd_eval_led_off)
    gd_eval_led_on                           0x08000cdd   Thumb Code    36  gd32e230c_eval.o(.text.gd_eval_led_on)
    gd_eval_led_toggle                       0x08000cf9   Thumb Code    36  gd32e230c_eval.o(.text.gd_eval_led_toggle)
    gpio_af_set                              0x08000d1d   Thumb Code   210  gd32e23x_gpio.o(.text.gpio_af_set)
    gpio_input_bit_get                       0x08000def   Thumb Code    50  gd32e23x_gpio.o(.text.gpio_input_bit_get)
    gpio_mode_set                            0x08000e21   Thumb Code   162  gd32e23x_gpio.o(.text.gpio_mode_set)
    gpio_output_options_set                  0x08000ec3   Thumb Code   156  gd32e23x_gpio.o(.text.gpio_output_options_set)
    led_spark                                0x08000f61   Thumb Code    68  main.o(.text.led_spark)
    main                                     0x08000fa5   Thumb Code   204  main.o(.text.main)
    nvic_irq_enable                          0x08001071   Thumb Code    52  gd32e23x_misc.o(.text.nvic_irq_enable)
    nvic_vector_table_set                    0x080010a5   Thumb Code    48  gd32e23x_misc.o(.text.nvic_vector_table_set)
    rcu_clock_freq_get                       0x080010d5   Thumb Code   772  gd32e23x_rcu.o(.text.rcu_clock_freq_get)
    rcu_periph_clock_enable                  0x080013d9   Thumb Code    44  gd32e23x_rcu.o(.text.rcu_periph_clock_enable)
    rcu_periph_reset_disable                 0x08001401   Thumb Code    44  gd32e23x_rcu.o(.text.rcu_periph_reset_disable)
    rcu_periph_reset_enable                  0x08001429   Thumb Code    44  gd32e23x_rcu.o(.text.rcu_periph_reset_enable)
    syscfg_exti_line_config                  0x08001451   Thumb Code   188  gd32e23x_syscfg.o(.text.syscfg_exti_line_config)
    systick_config                           0x080015f9   Thumb Code    52  systick.o(.text.systick_config)
    usart_baudrate_set                       0x0800162d   Thumb Code   192  gd32e23x_usart.o(.text.usart_baudrate_set)
    usart_data_transmit                      0x080016e5   Thumb Code    32  gd32e23x_usart.o(.text.usart_data_transmit)
    usart_deinit                             0x08001705   Thumb Code    88  gd32e23x_usart.o(.text.usart_deinit)
    usart_enable                             0x0800175d   Thumb Code    22  gd32e23x_usart.o(.text.usart_enable)
    usart_flag_get                           0x08001773   Thumb Code    66  gd32e23x_usart.o(.text.usart_flag_get)
    usart_receive_config                     0x080017b5   Thumb Code    40  gd32e23x_usart.o(.text.usart_receive_config)
    usart_transmit_config                    0x080017dd   Thumb Code    40  gd32e23x_usart.o(.text.usart_transmit_config)
    __0printf                                0x08001805   Thumb Code    24  printfa.o(i.__0printf)
    __1printf                                0x08001805   Thumb Code     0  printfa.o(i.__0printf)
    __2printf                                0x08001805   Thumb Code     0  printfa.o(i.__0printf)
    __c89printf                              0x08001805   Thumb Code     0  printfa.o(i.__0printf)
    printf                                   0x08001805   Thumb Code     0  printfa.o(i.__0printf)
    __ARM_clz                                0x08001825   Thumb Code    46  depilogue.o(i.__ARM_clz)
    __scatterload_copy                       0x08001853   Thumb Code    14  handlers.o(i.__scatterload_copy)
    __scatterload_null                       0x08001861   Thumb Code     2  handlers.o(i.__scatterload_null)
    __scatterload_zeroinit                   0x08001863   Thumb Code    14  handlers.o(i.__scatterload_zeroinit)
    Region$$Table$$Base                      0x080021b4   Number         0  anon$$obj.o(Region$$Table)
    Region$$Table$$Limit                     0x080021d4   Number         0  anon$$obj.o(Region$$Table)
    __stdout                                 0x20000000   Data           4  stdout.o(.data)
    SystemCoreClock                          0x20000004   Data           4  system_gd32e23x.o(.data.SystemCoreClock)
    __initial_sp                             0x20000410   Data           0  startup_gd32e23x.o(STACK)



==============================================================================

Memory Map of the image

  Image Entry point : 0x080000cd

  Load Region LR_IROM1 (Base: 0x08000000, Size: 0x000021e0, Max: 0x00010000, ABSOLUTE)

    Execution Region ER_IROM1 (Exec base: 0x08000000, Load base: 0x08000000, Size: 0x000021d4, Max: 0x00010000, ABSOLUTE)

    Exec Addr    Load Addr    Size         Type   Attr      Idx    E Section Name        Object

    0x08000000   0x08000000   0x000000cc   Data   RO         1243    RESET               startup_gd32e23x.o
    0x080000cc   0x080000cc   0x00000000   Code   RO         1250  * .ARM.Collect$$$$00000000  mc_p.l(entry.o)
    0x080000cc   0x080000cc   0x00000004   Code   RO         1281    .ARM.Collect$$$$00000001  mc_p.l(entry2.o)
    0x080000d0   0x080000d0   0x00000004   Code   RO         1284    .ARM.Collect$$$$00000004  mc_p.l(entry5.o)
    0x080000d4   0x080000d4   0x00000000   Code   RO         1286    .ARM.Collect$$$$00000008  mc_p.l(entry7b.o)
    0x080000d4   0x080000d4   0x00000000   Code   RO         1288    .ARM.Collect$$$$0000000A  mc_p.l(entry8b.o)
    0x080000d4   0x080000d4   0x00000008   Code   RO         1289    .ARM.Collect$$$$0000000B  mc_p.l(entry9a.o)
    0x080000dc   0x080000dc   0x00000000   Code   RO         1291    .ARM.Collect$$$$0000000D  mc_p.l(entry10a.o)
    0x080000dc   0x080000dc   0x00000000   Code   RO         1293    .ARM.Collect$$$$0000000F  mc_p.l(entry11a.o)
    0x080000dc   0x080000dc   0x00000004   Code   RO         1282    .ARM.Collect$$$$00002712  mc_p.l(entry2.o)
    0x080000e0   0x080000e0   0x0000001c   Code   RO         1244    .text               startup_gd32e23x.o
    0x080000fc   0x080000fc   0x0000002c   Code   RO         1296    .text               mc_p.l(uidiv.o)
    0x08000128   0x08000128   0x00000060   Code   RO         1298    .text               mc_p.l(uldiv.o)
    0x08000188   0x08000188   0x00000000   Code   RO         1300    .text               mc_p.l(iusefp.o)
    0x08000188   0x08000188   0x00000164   Code   RO         1301    .text               mf_p.l(dadd.o)
    0x080002ec   0x080002ec   0x000000d0   Code   RO         1303    .text               mf_p.l(dmul.o)
    0x080003bc   0x080003bc   0x000000f0   Code   RO         1305    .text               mf_p.l(ddiv.o)
    0x080004ac   0x080004ac   0x00000040   Code   RO         1307    .text               mf_p.l(dfixul.o)
    0x080004ec   0x080004ec   0x00000028   Code   RO         1309    .text               mf_p.l(cdrcmple.o)
    0x08000514   0x08000514   0x00000024   Code   RO         1311    .text               mc_p.l(init.o)
    0x08000538   0x08000538   0x00000020   Code   RO         1313    .text               mc_p.l(llshl.o)
    0x08000558   0x08000558   0x00000022   Code   RO         1315    .text               mc_p.l(llushr.o)
    0x0800057a   0x0800057a   0x00000026   Code   RO         1317    .text               mc_p.l(llsshr.o)
    0x080005a0   0x080005a0   0x000000be   Code   RO         1319    .text               mf_p.l(depilogue.o)
    0x0800065e   0x0800065e   0x00000004   Code   RO           39    .text.HardFault_Handler  gd32e23x_it.o
    0x08000662   0x08000662   0x00000002   Code   RO           37    .text.NMI_Handler   gd32e23x_it.o
    0x08000664   0x08000664   0x00000002   Code   RO           43    .text.PendSV_Handler  gd32e23x_it.o
    0x08000666   0x08000666   0x00000002   Code   RO           41    .text.SVC_Handler   gd32e23x_it.o
    0x08000668   0x08000668   0x00000058   Code   RO           20    .text.SysTick_Config  systick.o
    0x080006c0   0x080006c0   0x0000000c   Code   RO           45    .text.SysTick_Handler  gd32e23x_it.o
    0x080006cc   0x080006cc   0x000000fc   Code   RO           90    .text.SystemInit    system_gd32e23x.o
    0x080007c8   0x080007c8   0x00000038   Code   RO          572    .text.__NVIC_EnableIRQ  gd32e23x_misc.o
    0x08000800   0x08000800   0x00000084   Code   RO           22    .text.__NVIC_SetPriority  systick.o
    0x08000884   0x08000884   0x0000008c   Code   RO          570    .text.__NVIC_SetPriority  gd32e23x_misc.o
    0x08000910   0x08000910   0x00000020   Code   RO           24    .text.delay_1ms     systick.o
    0x08000930   0x08000930   0x0000001c   Code   RO           26    .text.delay_decrement  systick.o
    0x0800094c   0x0800094c   0x000000f0   Code   RO          328    .text.exti_init     gd32e23x_exti.o
    0x08000a3c   0x08000a3c   0x00000018   Code   RO          348    .text.exti_interrupt_flag_clear  gd32e23x_exti.o
    0x08000a54   0x08000a54   0x0000003c   Code   RO            6    .text.fputc         main.o
    0x08000a90   0x08000a90   0x000000dc   Code   RO           67    .text.gd_eval_com_init  gd32e230c_eval.o
    0x08000b6c   0x08000b6c   0x000000b4   Code   RO           63    .text.gd_eval_key_init  gd32e230c_eval.o
    0x08000c20   0x08000c20   0x00000030   Code   RO           65    .text.gd_eval_key_state_get  gd32e230c_eval.o
    0x08000c50   0x08000c50   0x00000070   Code   RO           55    .text.gd_eval_led_init  gd32e230c_eval.o
    0x08000cc0   0x08000cc0   0x0000001c   Code   RO           59    .text.gd_eval_led_off  gd32e230c_eval.o
    0x08000cdc   0x08000cdc   0x0000001c   Code   RO           57    .text.gd_eval_led_on  gd32e230c_eval.o
    0x08000cf8   0x08000cf8   0x00000024   Code   RO           61    .text.gd_eval_led_toggle  gd32e230c_eval.o
    0x08000d1c   0x08000d1c   0x000000d2   Code   RO          474    .text.gpio_af_set   gd32e23x_gpio.o
    0x08000dee   0x08000dee   0x00000032   Code   RO          466    .text.gpio_input_bit_get  gd32e23x_gpio.o
    0x08000e20   0x08000e20   0x000000a2   Code   RO          454    .text.gpio_mode_set  gd32e23x_gpio.o
    0x08000ec2   0x08000ec2   0x0000009c   Code   RO          456    .text.gpio_output_options_set  gd32e23x_gpio.o
    0x08000f5e   0x08000f5e   0x00000002   PAD
    0x08000f60   0x08000f60   0x00000044   Code   RO            2    .text.led_spark     main.o
    0x08000fa4   0x08000fa4   0x000000cc   Code   RO            4    .text.main          main.o
    0x08001070   0x08001070   0x00000034   Code   RO          568    .text.nvic_irq_enable  gd32e23x_misc.o
    0x080010a4   0x080010a4   0x00000030   Code   RO          582    .text.nvic_vector_table_set  gd32e23x_misc.o
    0x080010d4   0x080010d4   0x00000304   Code   RO          698    .text.rcu_clock_freq_get  gd32e23x_rcu.o
    0x080013d8   0x080013d8   0x00000028   Code   RO          634    .text.rcu_periph_clock_enable  gd32e23x_rcu.o
    0x08001400   0x08001400   0x00000028   Code   RO          644    .text.rcu_periph_reset_disable  gd32e23x_rcu.o
    0x08001428   0x08001428   0x00000028   Code   RO          642    .text.rcu_periph_reset_enable  gd32e23x_rcu.o
    0x08001450   0x08001450   0x000000bc   Code   RO          898    .text.syscfg_exti_line_config  gd32e23x_syscfg.o
    0x0800150c   0x0800150c   0x000000e4   Code   RO           96    .text.system_clock_72m_hxtal  system_gd32e23x.o
    0x080015f0   0x080015f0   0x00000008   Code   RO           92    .text.system_clock_config  system_gd32e23x.o
    0x080015f8   0x080015f8   0x00000034   Code   RO           18    .text.systick_config  systick.o
    0x0800162c   0x0800162c   0x000000b8   Code   RO         1072    .text.usart_baudrate_set  gd32e23x_usart.o
    0x080016e4   0x080016e4   0x00000020   Code   RO         1106    .text.usart_data_transmit  gd32e23x_usart.o
    0x08001704   0x08001704   0x00000058   Code   RO         1070    .text.usart_deinit  gd32e23x_usart.o
    0x0800175c   0x0800175c   0x00000016   Code   RO         1080    .text.usart_enable  gd32e23x_usart.o
    0x08001772   0x08001772   0x00000042   Code   RO         1198    .text.usart_flag_get  gd32e23x_usart.o
    0x080017b4   0x080017b4   0x00000028   Code   RO         1086    .text.usart_receive_config  gd32e23x_usart.o
    0x080017dc   0x080017dc   0x00000028   Code   RO         1084    .text.usart_transmit_config  gd32e23x_usart.o
    0x08001804   0x08001804   0x00000020   Code   RO         1254    i.__0printf         mc_p.l(printfa.o)
    0x08001824   0x08001824   0x0000002e   Code   RO         1321    i.__ARM_clz         mf_p.l(depilogue.o)
    0x08001852   0x08001852   0x0000000e   Code   RO         1325    i.__scatterload_copy  mc_p.l(handlers.o)
    0x08001860   0x08001860   0x00000002   Code   RO         1326    i.__scatterload_null  mc_p.l(handlers.o)
    0x08001862   0x08001862   0x0000000e   Code   RO         1327    i.__scatterload_zeroinit  mc_p.l(handlers.o)
    0x08001870   0x08001870   0x00000174   Code   RO         1261    i._fp_digits        mc_p.l(printfa.o)
    0x080019e4   0x080019e4   0x000006ec   Code   RO         1262    i._printf_core      mc_p.l(printfa.o)
    0x080020d0   0x080020d0   0x00000020   Code   RO         1263    i._printf_post_padding  mc_p.l(printfa.o)
    0x080020f0   0x080020f0   0x0000002c   Code   RO         1264    i._printf_pre_padding  mc_p.l(printfa.o)
    0x0800211c   0x0800211c   0x00000002   Data   RO           79    .rodata.COM_CLK     gd32e230c_eval.o
    0x0800211e   0x0800211e   0x00000002   PAD
    0x08002120   0x08002120   0x00000004   Data   RO           81    .rodata.COM_RX_PIN  gd32e230c_eval.o
    0x08002124   0x08002124   0x00000004   Data   RO           80    .rodata.COM_TX_PIN  gd32e230c_eval.o
    0x08002128   0x08002128   0x00000008   Data   RO           69    .rodata.GPIO_CLK    gd32e230c_eval.o
    0x08002130   0x08002130   0x00000010   Data   RO           71    .rodata.GPIO_PIN    gd32e230c_eval.o
    0x08002140   0x08002140   0x00000010   Data   RO           70    .rodata.GPIO_PORT   gd32e230c_eval.o
    0x08002150   0x08002150   0x00000004   Data   RO           72    .rodata.KEY_CLK     gd32e230c_eval.o
    0x08002154   0x08002154   0x00000008   Data   RO           78    .rodata.KEY_EXTI_LINE  gd32e230c_eval.o
    0x0800215c   0x0800215c   0x00000002   Data   RO           75    .rodata.KEY_IRQn    gd32e230c_eval.o
    0x0800215e   0x0800215e   0x00000002   PAD
    0x08002160   0x08002160   0x00000008   Data   RO           74    .rodata.KEY_PIN     gd32e230c_eval.o
    0x08002168   0x08002168   0x00000002   Data   RO           77    .rodata.KEY_PIN_SOURCE  gd32e230c_eval.o
    0x0800216a   0x0800216a   0x00000002   PAD
    0x0800216c   0x0800216c   0x00000008   Data   RO           73    .rodata.KEY_PORT    gd32e230c_eval.o
    0x08002174   0x08002174   0x00000002   Data   RO           76    .rodata.KEY_PORT_SOURCE  gd32e230c_eval.o
    0x08002176   0x08002176   0x0000003e   Data   RO            9    .rodata.str1.1      main.o
    0x080021b4   0x080021b4   0x00000020   Data   RO         1324    Region$$Table       anon$$obj.o


    Execution Region RW_IRAM1 (Exec base: 0x20000000, Load base: 0x080021d8, Size: 0x00000410, Max: 0x00002000, ABSOLUTE)

    Exec Addr    Load Addr    Size         Type   Attr      Idx    E Section Name        Object

    0x20000000   0x080021d8   0x00000004   Data   RW         1295    .data               mc_p.l(stdout.o)
    0x20000004   0x080021dc   0x00000004   Data   RW           98    .data.SystemCoreClock  system_gd32e23x.o
    0x20000008        -       0x00000004   Zero   RW           28    .bss.delay          systick.o
    0x2000000c        -       0x00000004   Zero   RW            8    .bss.led_spark.timingdelaylocal  main.o
    0x20000010        -       0x00000400   Zero   RW         1241    STACK               startup_gd32e23x.o


==============================================================================

Image component sizes


      Code (inc. data)   RO Data    RW Data    ZI Data      Debug   Object Name

       652         56         84          0          0       3718   gd32e230c_eval.o
       264         20          0          0          0       3121   gd32e23x_exti.o
       578          0          0          0          0       4294   gd32e23x_gpio.o
        22          0          0          0          0        690   gd32e23x_it.o
       296         20          0          0          0       3947   gd32e23x_misc.o
       892         36          0          0          0      11518   gd32e23x_rcu.o
       188         16          0          0          0       2776   gd32e23x_syscfg.o
       472         24          0          0          0      14092   gd32e23x_usart.o
       332         32         62          0          4       2321   main.o
        28          8        204          0       1024        688   startup_gd32e23x.o
       488         56          0          4          0       1898   system_gd32e23x.o
       332         20          0          0          4       3015   systick.o

    ----------------------------------------------------------------------
      4546        288        388          4       1032      52078   Object Totals
         0          0         32          0          0          0   (incl. Generated)
         2          0          6          0          0          0   (incl. Padding)

    ----------------------------------------------------------------------

      Code (inc. data)   RO Data    RW Data    ZI Data      Debug   Library Member Name

         0          0          0          0          0          0   entry.o
         0          0          0          0          0          0   entry10a.o
         0          0          0          0          0          0   entry11a.o
         8          4          0          0          0          0   entry2.o
         4          0          0          0          0          0   entry5.o
         0          0          0          0          0          0   entry7b.o
         0          0          0          0          0          0   entry8b.o
         8          4          0          0          0          0   entry9a.o
        30          0          0          0          0          0   handlers.o
        36          8          0          0          0         68   init.o
         0          0          0          0          0          0   iusefp.o
        32          0          0          0          0         68   llshl.o
        38          0          0          0          0         68   llsshr.o
        34          0          0          0          0         68   llushr.o
      2252         98          0          0          0        412   printfa.o
         0          0          0          4          0          0   stdout.o
        44          0          0          0          0         72   uidiv.o
        96          0          0          0          0         84   uldiv.o
        40          2          0          0          0         68   cdrcmple.o
       356          4          0          0          0        140   dadd.o
       240          6          0          0          0         84   ddiv.o
       236          0          0          0          0        216   depilogue.o
        64         10          0          0          0         68   dfixul.o
       208          6          0          0          0         88   dmul.o

    ----------------------------------------------------------------------
      3726        142          0          4          0       1504   Library Totals
         0          0          0          0          0          0   (incl. Padding)

    ----------------------------------------------------------------------

      Code (inc. data)   RO Data    RW Data    ZI Data      Debug   Library Name

      2582        114          0          4          0        840   mc_p.l
      1144         28          0          0          0        664   mf_p.l

    ----------------------------------------------------------------------
      3726        142          0          4          0       1504   Library Totals

    ----------------------------------------------------------------------

==============================================================================


      Code (inc. data)   RO Data    RW Data    ZI Data      Debug   

      8272        430        388          8       1032      52862   Grand Totals
      8272        430        388          8       1032      52862   ELF Image Totals
      8272        430        388          8          0          0   ROM Totals

==============================================================================

    Total RO  Size (Code + RO Data)                 8660 (   8.46kB)
    Total RW  Size (RW Data + ZI Data)              1040 (   1.02kB)
    Total ROM Size (Code + RO Data + RW Data)       8668 (   8.46kB)

==============================================================================

